******************************************************************************
                  TI ARM Linker PC v5.2.2                      
******************************************************************************
>> Linked Tue Oct 06 17:55:32 2015

OUTPUT FILE NAME:   <CmdLineMotorController.out>
ENTRY POINT SYMBOL: "_c_int00"  address: 00002add


MEMORY CONFIGURATION

         name            origin    length      used     unused   attr    fill
----------------------  --------  ---------  --------  --------  ----  --------
  FLASH                 00000000   00040000  00003526  0003cada  R  X
  SRAM                  20000000   00008000  000008f7  00007709  RW X


SEGMENT ALLOCATION MAP

run origin  load origin   length   init length attrs members
----------  ----------- ---------- ----------- ----- -------
00000000    00000000    00003528   00003528    r-x
  00000000    00000000    0000026c   0000026c    r-- .intvecs
  0000026c    0000026c    00002af4   00002af4    r-x .text
  00002d60    00002d60    00000616   00000616    r-- .const
  00003378    00003378    000001b0   000001b0    r-- .cinit
20000000    20000000    000008f8   00000000    rw-
  20000000    20000000    00000547   00000000    rw- .bss
  20000548    20000548    00000200   00000000    rw- .stack
  20000748    20000748    000001b0   00000000    rw- .data


SECTION ALLOCATION MAP

 output                                  attributes/
section   page    origin      length       input sections
--------  ----  ----------  ----------   ----------------
.intvecs   0    00000000    0000026c     
                  00000000    0000026c     tm4c123gh6pm_startup_ccs.obj (.intvecs)

.text      0    0000026c    00002af4     
                  0000026c    00000c84     ustdlib.obj (.text)
                  00000ef0    00000c48     main.obj (.text)
                  00001b38    00000914     uartstdio.obj (.text)
                  0000244c    00000130     driverlib.lib : gpio.obj (.text:GPIOPadConfigSet)
                  0000257c    0000010c                   : sysctl.obj (.text:SysCtlClockGet)
                  00002688    000000f0                   : sysctl.obj (.text:SysCtlClockSet)
                  00002778    000000ac     cmdline.obj (.text)
                  00002824    0000009c     rtsv7M4_T_le_v4SPD16_eabi.lib : memcpy_t2.obj (.text)
                  000028c0    0000007a                                   : memset_t2.obj (.text)
                  0000293a    00000002     --HOLE-- [fill = 0]
                  0000293c    0000006c                                   : autoinit.obj (.text)
                  000029a8    0000006a                                   : copy_decompress_rle.obj (.text)
                  00002a12    00000002     --HOLE-- [fill = 0]
                  00002a14    00000068     driverlib.lib : interrupt.obj (.text:IntEnable)
                  00002a7c    00000060                   : timer.obj (.text:TimerConfigure)
                  00002adc    00000050     rtsv7M4_T_le_v4SPD16_eabi.lib : boot.obj (.text)
                  00002b2c    0000004c                                   : cpy_tbl.obj (.text)
                  00002b78    00000044                                   : exit.obj (.text)
                  00002bbc    00000042                                   : u_divt2.obj (.text)
                  00002bfe    00000002     --HOLE-- [fill = 0]
                  00002c00    00000034     driverlib.lib : sysctl.obj (.text:SysCtlPeripheralEnable)
                  00002c34    0000002a                   : gpio.obj (.text:GPIODirModeSet)
                  00002c5e    00000018                   : gpio.obj (.text:GPIOPinTypeGPIOOutput)
                  00002c76    00000002     --HOLE-- [fill = 0]
                  00002c78    00000018     rtsv7M4_T_le_v4SPD16_eabi.lib : args_main.obj (.text)
                  00002c90    00000018                                   : strcmp.obj (.text)
                  00002ca8    00000014     driverlib.lib : timer.obj (.text:TimerDisable)
                  00002cbc    00000014     rtsv7M4_T_le_v4SPD16_eabi.lib : _lock.obj (.text)
                  00002cd0    00000012     driverlib.lib : timer.obj (.text:TimerLoadSet)
                  00002ce2    00000010                   : interrupt.obj (.text:IntMasterEnable)
                  00002cf2    0000000e                   : timer.obj (.text:TimerEnable)
                  00002d00    0000000e     rtsv7M4_T_le_v4SPD16_eabi.lib : copy_decompress_none.obj (.text:decompress:none)
                  00002d0e    0000000c     driverlib.lib : cpu.obj (.text:CPUcpsie)
                  00002d1a    0000000c     rtsv7M4_T_le_v4SPD16_eabi.lib : copy_zero_init.obj (.text:decompress:ZI)
                  00002d26    0000000c     tm4c123gh6pm_startup_ccs.obj (.text)
                  00002d32    00000008     driverlib.lib : timer.obj (.text:TimerIntEnable)
                  00002d3a    00000006                   : gpio.obj (.text:GPIOPinRead)
                  00002d40    00000006                   : gpio.obj (.text:GPIOPinWrite)
                  00002d46    00000006                   : sysctl.obj (.text:SysCtlDelay)
                  00002d4c    00000006                   : uart.obj (.text:UARTClockSourceSet)
                  00002d52    00000006     rtsv7M4_T_le_v4SPD16_eabi.lib : copy_decompress_rle.obj (.text:decompress:rle24)
                  00002d58    00000004     driverlib.lib : timer.obj (.text:TimerIntClear)
                  00002d5c    00000004     rtsv7M4_T_le_v4SPD16_eabi.lib : pre_init.obj (.text)

.const     0    00002d60    00000616     
                  00002d60    000004a0     main.obj (.const:.string)
                  00003200    00000070     driverlib.lib : interrupt.obj (.const)
                  00003270    0000006c                   : sysctl.obj (.const:g_pui32Xtals)
                  000032dc    00000030     ustdlib.obj (.const:g_psDaysToMonth)
                  0000330c    00000028     uartstdio.obj (.const)
                  00003334    0000001c     ustdlib.obj (.const)
                  00003350    00000012     uartstdio.obj (.const:.string)
                  00003362    00000002     --HOLE-- [fill = 0]
                  00003364    00000012     ustdlib.obj (.const:.string)

.cinit     0    00003378    000001b0     
                  00003378    00000188     (.cinit..data.load) [load image, compression = rle]
                  00003500    0000000c     (__TI_handler_table)
                  0000350c    00000004     --HOLE-- [fill = 0]
                  00003510    00000008     (.cinit..bss.load) [load image, compression = zero_init]
                  00003518    00000010     (__TI_cinit_table)

.init_array 
*          0    00000000    00000000     UNINITIALIZED

.bss       0    20000000    00000547     UNINITIALIZED
                  20000000    00000400     uartstdio.obj (.bss:g_pcUARTTxBuffer)
                  20000400    00000080     main.obj (.bss:g_cInput)
                  20000480    00000080     uartstdio.obj (.bss:g_pcUARTRxBuffer)
                  20000500    00000024     cmdline.obj (.bss:g_ppcArgv)
                  20000524    00000004     (.common:g_ui32PortNum)
                  20000528    00000004     (.common:ui32PulseCounter1)
                  2000052c    00000004     (.common:ui32PulseCounter2)
                  20000530    00000004     (.common:ui32PulseCounter3)
                  20000534    00000004     (.common:ui32PulseCounter4)
                  20000538    00000004     (.common:ui32PulseCounter5)
                  2000053c    00000004     (.common:ui32PulseCounter6)
                  20000540    00000001     (.common:bFreeMotion1)
                  20000541    00000001     (.common:bFreeMotion2)
                  20000542    00000001     (.common:bFreeMotion3)
                  20000543    00000001     (.common:bFreeMotion4)
                  20000544    00000001     (.common:bFreeMotion5)
                  20000545    00000001     (.common:bFreeMotion6)
                  20000546    00000001     (.common:g_bDisableEcho)

.TI.noinit 
*          0    20000000    00000000     UNINITIALIZED

.stack     0    20000548    00000200     UNINITIALIZED
                  20000548    00000200     --HOLE--

.data      0    20000748    000001b0     UNINITIALIZED
                  20000748    00000180     main.obj (.data:g_psCmdTable)
                  200008c8    00000015     uartstdio.obj (.data)
                  200008dd    00000003     --HOLE--
                  200008e0    00000008     rtsv7M4_T_le_v4SPD16_eabi.lib : _lock.obj (.data)
                  200008e8    00000008                                   : exit.obj (.data)
                  200008f0    00000004                                   : stkdepth_vars.obj (.data)
                  200008f4    00000004     ustdlib.obj (.data)

.TI.persistent 
*          0    20000748    00000000     UNINITIALIZED


LINKER GENERATED COPY TABLES

__TI_cinit_table @ 00003518 records: 2, size/record: 8, table size: 16
	.data: load addr=00003378, load size=00000188 bytes, run addr=20000748, run size=000001b0 bytes, compression=rle
	.bss: load addr=00003510, load size=00000008 bytes, run addr=20000000, run size=00000547 bytes, compression=zero_init


LINKER GENERATED HANDLER TABLE

__TI_handler_table @ 00003500 records: 3, size/record: 4, table size: 12
	index: 0, handler: __TI_decompress_rle24
	index: 1, handler: __TI_decompress_none
	index: 2, handler: __TI_zero_init


GLOBAL SYMBOLS: SORTED ALPHABETICALLY BY Name 

address   name                    
-------   ----                    
00002b79  C$$EXIT                 
00001599  CMD_Help                
00000f83  CMD_Joint1              
00000f59  CMD_Joint1Dir           
00000f1b  CMD_Joint1Freq          
00000ef1  CMD_Joint1Start         
00000f09  CMD_Joint1Stop          
00001093  CMD_Joint2              
00001067  CMD_Joint2Dir           
00001029  CMD_Joint2Freq          
00000fff  CMD_Joint2Start         
00001017  CMD_Joint2Stop          
000011ad  CMD_Joint3              
00001179  CMD_Joint3Dir           
0000113b  CMD_Joint3Freq          
00001111  CMD_Joint3Start         
00001129  CMD_Joint3Stop          
000012d1  CMD_Joint4              
0000129d  CMD_Joint4Dir           
00001259  CMD_Joint4Freq          
0000122b  CMD_Joint4Start         
00001243  CMD_Joint4Stop          
000013f1  CMD_Joint5              
000013bd  CMD_Joint5Dir           
00001379  CMD_Joint5Freq          
0000134f  CMD_Joint5Start         
00001367  CMD_Joint5Stop          
00001511  CMD_Joint6              
000014dd  CMD_Joint6Dir           
00001499  CMD_Joint6Freq          
0000146f  CMD_Joint6Start         
00001487  CMD_Joint6Stop          
00002d0f  CPUcpsie                
00002779  CmdLineProcess          
00002c35  GPIODirModeSet          
0000244d  GPIOPadConfigSet        
00002d3b  GPIOPinRead             
00002c5f  GPIOPinTypeGPIOOutput   
00002d41  GPIOPinWrite            
00002a15  IntEnable               
00002ce3  IntMasterEnable         
00002d27  ResetISR                
UNDEFED   SHT$$INIT_ARRAY$$Base   
UNDEFED   SHT$$INIT_ARRAY$$Limit  
0000257d  SysCtlClockGet          
00002689  SysCtlClockSet          
00002d47  SysCtlDelay             
00002c01  SysCtlPeripheralEnable  
00001805  Timer0IntHandler        
00001855  Timer1IntHandler        
00001919  Timer2IntHandler        
00001969  Timer3IntHandler        
000019b9  Timer4IntHandler        
00001a11  Timer5IntHandler        
00002a7d  TimerConfigure          
00002ca9  TimerDisable            
00002cf3  TimerEnable             
00002d59  TimerIntClear           
00002d33  TimerIntEnable          
00002cd1  TimerLoadSet            
00002d4d  UARTClockSourceSet      
0000228d  UARTEchoSet             
00002227  UARTFlushRx             
0000224f  UARTFlushTx             
000021cd  UARTPeek                
000021ab  UARTRxBytesAvail        
00001c4d  UARTStdioConfig         
000022c1  UARTStdioIntHandler     
000021b9  UARTTxBytesFree         
00001e27  UARTgetc                
00001dab  UARTgets                
00002187  UARTprintf              
00001e8d  UARTvprintf             
00001d05  UARTwrite               
20000748  __STACK_END             
00000200  __STACK_SIZE            
20000748  __STACK_TOP             
00003518  __TI_CINIT_Base         
00003528  __TI_CINIT_Limit        
00003500  __TI_Handler_Table_Base 
0000350c  __TI_Handler_Table_Limit
0000293d  __TI_auto_init          
200008e8  __TI_cleanup_ptr        
00002d01  __TI_decompress_none    
00002d53  __TI_decompress_rle24   
200008ec  __TI_dtors_ptr          
00000000  __TI_static_base__      
00002d1b  __TI_zero_init          
000028c1  __aeabi_memclr          
000028c1  __aeabi_memclr4         
000028c1  __aeabi_memclr8         
00002825  __aeabi_memcpy          
00002825  __aeabi_memcpy4         
00002825  __aeabi_memcpy8         
000028c3  __aeabi_memset          
000028c3  __aeabi_memset4         
000028c3  __aeabi_memset8         
00002bbd  __aeabi_uidiv           
00002bbd  __aeabi_uidivmod        
ffffffff  __binit__               
ffffffff  __c_args__              
20000548  __stack                 
00002c79  _args_main              
00002add  _c_int00                
200008e0  _lock                   
00002ccb  _nop                    
00002cc3  _register_lock          
00002cbd  _register_unlock        
00002d5d  _system_pre_init        
200008e4  _unlock                 
00002b7d  abort                   
20000540  bFreeMotion1            
20000541  bFreeMotion2            
20000542  bFreeMotion3            
20000543  bFreeMotion4            
20000544  bFreeMotion5            
20000545  bFreeMotion6            
ffffffff  binit                   
00002b2d  copy_in                 
00002b85  exit                    
00000000  g_pfnVectors            
20000748  g_psCmdTable            
00001601  main                    
200008f0  main_func_sp            
00002825  memcpy                  
000028c9  memset                  
00002c91  strcmp                  
20000528  ui32PulseCounter1       
2000052c  ui32PulseCounter2       
20000530  ui32PulseCounter3       
20000534  ui32PulseCounter4       
20000538  ui32PulseCounter5       
2000053c  ui32PulseCounter6       
00000751  ulocaltime              
0000094f  umktime                 
00000ec9  urand                   
00000721  usnprintf               
000006ef  usprintf                
00000eb9  usrand                  
00000e31  ustrcasecmp             
00000ea5  ustrcmp                 
00000d35  ustrlen                 
00000d8d  ustrncasecmp            
00000e45  ustrncmp                
0000026d  ustrncpy                
00000d57  ustrstr                 
00000afd  ustrtof                 
000009c5  ustrtoul                
000002c5  uvsnprintf              


GLOBAL SYMBOLS: SORTED BY Symbol Address 

address   name                    
-------   ----                    
00000000  __TI_static_base__      
00000000  g_pfnVectors            
00000200  __STACK_SIZE            
0000026d  ustrncpy                
000002c5  uvsnprintf              
000006ef  usprintf                
00000721  usnprintf               
00000751  ulocaltime              
0000094f  umktime                 
000009c5  ustrtoul                
00000afd  ustrtof                 
00000d35  ustrlen                 
00000d57  ustrstr                 
00000d8d  ustrncasecmp            
00000e31  ustrcasecmp             
00000e45  ustrncmp                
00000ea5  ustrcmp                 
00000eb9  usrand                  
00000ec9  urand                   
00000ef1  CMD_Joint1Start         
00000f09  CMD_Joint1Stop          
00000f1b  CMD_Joint1Freq          
00000f59  CMD_Joint1Dir           
00000f83  CMD_Joint1              
00000fff  CMD_Joint2Start         
00001017  CMD_Joint2Stop          
00001029  CMD_Joint2Freq          
00001067  CMD_Joint2Dir           
00001093  CMD_Joint2              
00001111  CMD_Joint3Start         
00001129  CMD_Joint3Stop          
0000113b  CMD_Joint3Freq          
00001179  CMD_Joint3Dir           
000011ad  CMD_Joint3              
0000122b  CMD_Joint4Start         
00001243  CMD_Joint4Stop          
00001259  CMD_Joint4Freq          
0000129d  CMD_Joint4Dir           
000012d1  CMD_Joint4              
0000134f  CMD_Joint5Start         
00001367  CMD_Joint5Stop          
00001379  CMD_Joint5Freq          
000013bd  CMD_Joint5Dir           
000013f1  CMD_Joint5              
0000146f  CMD_Joint6Start         
00001487  CMD_Joint6Stop          
00001499  CMD_Joint6Freq          
000014dd  CMD_Joint6Dir           
00001511  CMD_Joint6              
00001599  CMD_Help                
00001601  main                    
00001805  Timer0IntHandler        
00001855  Timer1IntHandler        
00001919  Timer2IntHandler        
00001969  Timer3IntHandler        
000019b9  Timer4IntHandler        
00001a11  Timer5IntHandler        
00001c4d  UARTStdioConfig         
00001d05  UARTwrite               
00001dab  UARTgets                
00001e27  UARTgetc                
00001e8d  UARTvprintf             
00002187  UARTprintf              
000021ab  UARTRxBytesAvail        
000021b9  UARTTxBytesFree         
000021cd  UARTPeek                
00002227  UARTFlushRx             
0000224f  UARTFlushTx             
0000228d  UARTEchoSet             
000022c1  UARTStdioIntHandler     
0000244d  GPIOPadConfigSet        
0000257d  SysCtlClockGet          
00002689  SysCtlClockSet          
00002779  CmdLineProcess          
00002825  __aeabi_memcpy          
00002825  __aeabi_memcpy4         
00002825  __aeabi_memcpy8         
00002825  memcpy                  
000028c1  __aeabi_memclr          
000028c1  __aeabi_memclr4         
000028c1  __aeabi_memclr8         
000028c3  __aeabi_memset          
000028c3  __aeabi_memset4         
000028c3  __aeabi_memset8         
000028c9  memset                  
0000293d  __TI_auto_init          
00002a15  IntEnable               
00002a7d  TimerConfigure          
00002add  _c_int00                
00002b2d  copy_in                 
00002b79  C$$EXIT                 
00002b7d  abort                   
00002b85  exit                    
00002bbd  __aeabi_uidiv           
00002bbd  __aeabi_uidivmod        
00002c01  SysCtlPeripheralEnable  
00002c35  GPIODirModeSet          
00002c5f  GPIOPinTypeGPIOOutput   
00002c79  _args_main              
00002c91  strcmp                  
00002ca9  TimerDisable            
00002cbd  _register_unlock        
00002cc3  _register_lock          
00002ccb  _nop                    
00002cd1  TimerLoadSet            
00002ce3  IntMasterEnable         
00002cf3  TimerEnable             
00002d01  __TI_decompress_none    
00002d0f  CPUcpsie                
00002d1b  __TI_zero_init          
00002d27  ResetISR                
00002d33  TimerIntEnable          
00002d3b  GPIOPinRead             
00002d41  GPIOPinWrite            
00002d47  SysCtlDelay             
00002d4d  UARTClockSourceSet      
00002d53  __TI_decompress_rle24   
00002d59  TimerIntClear           
00002d5d  _system_pre_init        
00003500  __TI_Handler_Table_Base 
0000350c  __TI_Handler_Table_Limit
00003518  __TI_CINIT_Base         
00003528  __TI_CINIT_Limit        
20000528  ui32PulseCounter1       
2000052c  ui32PulseCounter2       
20000530  ui32PulseCounter3       
20000534  ui32PulseCounter4       
20000538  ui32PulseCounter5       
2000053c  ui32PulseCounter6       
20000540  bFreeMotion1            
20000541  bFreeMotion2            
20000542  bFreeMotion3            
20000543  bFreeMotion4            
20000544  bFreeMotion5            
20000545  bFreeMotion6            
20000548  __stack                 
20000748  __STACK_END             
20000748  __STACK_TOP             
20000748  g_psCmdTable            
200008e0  _lock                   
200008e4  _unlock                 
200008e8  __TI_cleanup_ptr        
200008ec  __TI_dtors_ptr          
200008f0  main_func_sp            
ffffffff  __binit__               
ffffffff  __c_args__              
ffffffff  binit                   
UNDEFED   SHT$$INIT_ARRAY$$Base   
UNDEFED   SHT$$INIT_ARRAY$$Limit  

[149 symbols]
