<?xml version="1.0"?>
<link_info>
   <banner>TI ARM Linker PC v5.2.2</banner>
   <copyright>Copyright (c) 1996-2015 Texas Instruments Incorporated</copyright>
   <link_time>0x56144354</link_time>
   <link_errors>0x0</link_errors>
   <output_file>CmdLineMotorController.out</output_file>
   <entry_point>
      <name>_c_int00</name>
      <address>0x2add</address>
   </entry_point>
   <input_file_list>
      <input_file id="fl-2">
         <path>.\</path>
         <kind>object</kind>
         <file>cmdline.obj</file>
         <name>cmdline.obj</name>
      </input_file>
      <input_file id="fl-3">
         <path>.\</path>
         <kind>object</kind>
         <file>main.obj</file>
         <name>main.obj</name>
      </input_file>
      <input_file id="fl-4">
         <path>.\</path>
         <kind>object</kind>
         <file>tm4c123gh6pm_startup_ccs.obj</file>
         <name>tm4c123gh6pm_startup_ccs.obj</name>
      </input_file>
      <input_file id="fl-5">
         <path>.\</path>
         <kind>object</kind>
         <file>uartstdio.obj</file>
         <name>uartstdio.obj</name>
      </input_file>
      <input_file id="fl-6">
         <path>.\</path>
         <kind>object</kind>
         <file>ustdlib.obj</file>
         <name>ustdlib.obj</name>
      </input_file>
      <input_file id="fl-c">
         <path>C:\ti\TivaWare_C_Series-2.1.1.71\driverlib\ccs\Debug\</path>
         <kind>archive</kind>
         <file>driverlib.lib</file>
         <name>gpio.obj</name>
      </input_file>
      <input_file id="fl-d">
         <path>C:\ti\TivaWare_C_Series-2.1.1.71\driverlib\ccs\Debug\</path>
         <kind>archive</kind>
         <file>driverlib.lib</file>
         <name>interrupt.obj</name>
      </input_file>
      <input_file id="fl-e">
         <path>C:\ti\TivaWare_C_Series-2.1.1.71\driverlib\ccs\Debug\</path>
         <kind>archive</kind>
         <file>driverlib.lib</file>
         <name>sysctl.obj</name>
      </input_file>
      <input_file id="fl-f">
         <path>C:\ti\TivaWare_C_Series-2.1.1.71\driverlib\ccs\Debug\</path>
         <kind>archive</kind>
         <file>driverlib.lib</file>
         <name>timer.obj</name>
      </input_file>
      <input_file id="fl-10">
         <path>C:\ti\TivaWare_C_Series-2.1.1.71\driverlib\ccs\Debug\</path>
         <kind>archive</kind>
         <file>driverlib.lib</file>
         <name>uart.obj</name>
      </input_file>
      <input_file id="fl-11">
         <path>C:\ti\TivaWare_C_Series-2.1.1.71\driverlib\ccs\Debug\</path>
         <kind>archive</kind>
         <file>driverlib.lib</file>
         <name>cpu.obj</name>
      </input_file>
      <input_file id="fl-133">
         <path>C:\ti\ccsv6\tools\compiler\ti-cgt-arm_5.2.2\lib\</path>
         <kind>archive</kind>
         <file>rtsv7M4_T_le_v4SPD16_eabi.lib</file>
         <name>boot.obj</name>
      </input_file>
      <input_file id="fl-134">
         <path>C:\ti\ccsv6\tools\compiler\ti-cgt-arm_5.2.2\lib\</path>
         <kind>archive</kind>
         <file>rtsv7M4_T_le_v4SPD16_eabi.lib</file>
         <name>copy_decompress_none.obj</name>
      </input_file>
      <input_file id="fl-135">
         <path>C:\ti\ccsv6\tools\compiler\ti-cgt-arm_5.2.2\lib\</path>
         <kind>archive</kind>
         <file>rtsv7M4_T_le_v4SPD16_eabi.lib</file>
         <name>copy_decompress_rle.obj</name>
      </input_file>
      <input_file id="fl-136">
         <path>C:\ti\ccsv6\tools\compiler\ti-cgt-arm_5.2.2\lib\</path>
         <kind>archive</kind>
         <file>rtsv7M4_T_le_v4SPD16_eabi.lib</file>
         <name>copy_zero_init.obj</name>
      </input_file>
      <input_file id="fl-137">
         <path>C:\ti\ccsv6\tools\compiler\ti-cgt-arm_5.2.2\lib\</path>
         <kind>archive</kind>
         <file>rtsv7M4_T_le_v4SPD16_eabi.lib</file>
         <name>exit.obj</name>
      </input_file>
      <input_file id="fl-138">
         <path>C:\ti\ccsv6\tools\compiler\ti-cgt-arm_5.2.2\lib\</path>
         <kind>archive</kind>
         <file>rtsv7M4_T_le_v4SPD16_eabi.lib</file>
         <name>memcpy_t2.obj</name>
      </input_file>
      <input_file id="fl-139">
         <path>C:\ti\ccsv6\tools\compiler\ti-cgt-arm_5.2.2\lib\</path>
         <kind>archive</kind>
         <file>rtsv7M4_T_le_v4SPD16_eabi.lib</file>
         <name>memset_t2.obj</name>
      </input_file>
      <input_file id="fl-13a">
         <path>C:\ti\ccsv6\tools\compiler\ti-cgt-arm_5.2.2\lib\</path>
         <kind>archive</kind>
         <file>rtsv7M4_T_le_v4SPD16_eabi.lib</file>
         <name>pre_init.obj</name>
      </input_file>
      <input_file id="fl-13b">
         <path>C:\ti\ccsv6\tools\compiler\ti-cgt-arm_5.2.2\lib\</path>
         <kind>archive</kind>
         <file>rtsv7M4_T_le_v4SPD16_eabi.lib</file>
         <name>stkdepth_vars.obj</name>
      </input_file>
      <input_file id="fl-13c">
         <path>C:\ti\ccsv6\tools\compiler\ti-cgt-arm_5.2.2\lib\</path>
         <kind>archive</kind>
         <file>rtsv7M4_T_le_v4SPD16_eabi.lib</file>
         <name>strcmp.obj</name>
      </input_file>
      <input_file id="fl-13d">
         <path>C:\ti\ccsv6\tools\compiler\ti-cgt-arm_5.2.2\lib\</path>
         <kind>archive</kind>
         <file>rtsv7M4_T_le_v4SPD16_eabi.lib</file>
         <name>u_divt2.obj</name>
      </input_file>
      <input_file id="fl-13e">
         <path>C:\ti\ccsv6\tools\compiler\ti-cgt-arm_5.2.2\lib\</path>
         <kind>archive</kind>
         <file>rtsv7M4_T_le_v4SPD16_eabi.lib</file>
         <name>_lock.obj</name>
      </input_file>
      <input_file id="fl-13f">
         <path>C:\ti\ccsv6\tools\compiler\ti-cgt-arm_5.2.2\lib\</path>
         <kind>archive</kind>
         <file>rtsv7M4_T_le_v4SPD16_eabi.lib</file>
         <name>args_main.obj</name>
      </input_file>
      <input_file id="fl-140">
         <path>C:\ti\ccsv6\tools\compiler\ti-cgt-arm_5.2.2\lib\</path>
         <kind>archive</kind>
         <file>rtsv7M4_T_le_v4SPD16_eabi.lib</file>
         <name>autoinit.obj</name>
      </input_file>
      <input_file id="fl-141">
         <path>C:\ti\ccsv6\tools\compiler\ti-cgt-arm_5.2.2\lib\</path>
         <kind>archive</kind>
         <file>rtsv7M4_T_le_v4SPD16_eabi.lib</file>
         <name>cpy_tbl.obj</name>
      </input_file>
   </input_file_list>
   <object_component_list>
      <object_component id="oc-f">
         <name>.intvecs</name>
         <load_address>0x0</load_address>
         <run_address>0x0</run_address>
         <size>0x26c</size>
         <input_file_ref idref="fl-4"/>
      </object_component>
      <object_component id="oc-b2">
         <name>.text</name>
         <load_address>0x26c</load_address>
         <run_address>0x26c</run_address>
         <size>0xc84</size>
         <input_file_ref idref="fl-6"/>
      </object_component>
      <object_component id="oc-36">
         <name>.text</name>
         <load_address>0xef0</load_address>
         <run_address>0xef0</run_address>
         <size>0xc48</size>
         <input_file_ref idref="fl-3"/>
      </object_component>
      <object_component id="oc-30">
         <name>.text</name>
         <load_address>0x1b38</load_address>
         <run_address>0x1b38</run_address>
         <size>0x914</size>
         <input_file_ref idref="fl-5"/>
      </object_component>
      <object_component id="oc-183">
         <name>.text:GPIOPadConfigSet</name>
         <load_address>0x244c</load_address>
         <run_address>0x244c</run_address>
         <size>0x130</size>
         <input_file_ref idref="fl-c"/>
      </object_component>
      <object_component id="oc-b8">
         <name>.text:SysCtlClockGet</name>
         <load_address>0x257c</load_address>
         <run_address>0x257c</run_address>
         <size>0x10c</size>
         <input_file_ref idref="fl-e"/>
      </object_component>
      <object_component id="oc-d8">
         <name>.text:SysCtlClockSet</name>
         <load_address>0x2688</load_address>
         <run_address>0x2688</run_address>
         <size>0xf0</size>
         <input_file_ref idref="fl-e"/>
      </object_component>
      <object_component id="oc-108">
         <name>.text</name>
         <load_address>0x2778</load_address>
         <run_address>0x2778</run_address>
         <size>0xac</size>
         <input_file_ref idref="fl-2"/>
      </object_component>
      <object_component id="oc-3f">
         <name>.text</name>
         <load_address>0x2824</load_address>
         <run_address>0x2824</run_address>
         <size>0x9c</size>
         <input_file_ref idref="fl-138"/>
      </object_component>
      <object_component id="oc-58">
         <name>.text</name>
         <load_address>0x28c0</load_address>
         <run_address>0x28c0</run_address>
         <size>0x7a</size>
         <input_file_ref idref="fl-139"/>
      </object_component>
      <object_component id="oc-6a">
         <name>.text</name>
         <load_address>0x293c</load_address>
         <run_address>0x293c</run_address>
         <size>0x6c</size>
         <input_file_ref idref="fl-140"/>
      </object_component>
      <object_component id="oc-4b">
         <name>.text</name>
         <load_address>0x29a8</load_address>
         <run_address>0x29a8</run_address>
         <size>0x6a</size>
         <input_file_ref idref="fl-135"/>
      </object_component>
      <object_component id="oc-f0">
         <name>.text:IntEnable</name>
         <load_address>0x2a14</load_address>
         <run_address>0x2a14</run_address>
         <size>0x68</size>
         <input_file_ref idref="fl-d"/>
      </object_component>
      <object_component id="oc-ea">
         <name>.text:TimerConfigure</name>
         <load_address>0x2a7c</load_address>
         <run_address>0x2a7c</run_address>
         <size>0x60</size>
         <input_file_ref idref="fl-f"/>
      </object_component>
      <object_component id="oc-24">
         <name>.text</name>
         <load_address>0x2adc</load_address>
         <run_address>0x2adc</run_address>
         <size>0x50</size>
         <input_file_ref idref="fl-133"/>
      </object_component>
      <object_component id="oc-13c">
         <name>.text</name>
         <load_address>0x2b2c</load_address>
         <run_address>0x2b2c</run_address>
         <size>0x4c</size>
         <input_file_ref idref="fl-141"/>
      </object_component>
      <object_component id="oc-76">
         <name>.text</name>
         <load_address>0x2b78</load_address>
         <run_address>0x2b78</run_address>
         <size>0x44</size>
         <input_file_ref idref="fl-137"/>
      </object_component>
      <object_component id="oc-90">
         <name>.text</name>
         <load_address>0x2bbc</load_address>
         <run_address>0x2bbc</run_address>
         <size>0x42</size>
         <input_file_ref idref="fl-13d"/>
      </object_component>
      <object_component id="oc-de">
         <name>.text:SysCtlPeripheralEnable</name>
         <load_address>0x2c00</load_address>
         <run_address>0x2c00</run_address>
         <size>0x34</size>
         <input_file_ref idref="fl-e"/>
      </object_component>
      <object_component id="oc-189">
         <name>.text:GPIODirModeSet</name>
         <load_address>0x2c34</load_address>
         <run_address>0x2c34</run_address>
         <size>0x2a</size>
         <input_file_ref idref="fl-c"/>
      </object_component>
      <object_component id="oc-e4">
         <name>.text:GPIOPinTypeGPIOOutput</name>
         <load_address>0x2c5e</load_address>
         <run_address>0x2c5e</run_address>
         <size>0x18</size>
         <input_file_ref idref="fl-c"/>
      </object_component>
      <object_component id="oc-70">
         <name>.text</name>
         <load_address>0x2c78</load_address>
         <run_address>0x2c78</run_address>
         <size>0x18</size>
         <input_file_ref idref="fl-13f"/>
      </object_component>
      <object_component id="oc-1a0">
         <name>.text</name>
         <load_address>0x2c90</load_address>
         <run_address>0x2c90</run_address>
         <size>0x18</size>
         <input_file_ref idref="fl-13c"/>
      </object_component>
      <object_component id="oc-ac">
         <name>.text:TimerDisable</name>
         <load_address>0x2ca8</load_address>
         <run_address>0x2ca8</run_address>
         <size>0x14</size>
         <input_file_ref idref="fl-f"/>
      </object_component>
      <object_component id="oc-1c6">
         <name>.text</name>
         <load_address>0x2cbc</load_address>
         <run_address>0x2cbc</run_address>
         <size>0x14</size>
         <input_file_ref idref="fl-13e"/>
      </object_component>
      <object_component id="oc-be">
         <name>.text:TimerLoadSet</name>
         <load_address>0x2cd0</load_address>
         <run_address>0x2cd0</run_address>
         <size>0x12</size>
         <input_file_ref idref="fl-f"/>
      </object_component>
      <object_component id="oc-fc">
         <name>.text:IntMasterEnable</name>
         <load_address>0x2ce2</load_address>
         <run_address>0x2ce2</run_address>
         <size>0x10</size>
         <input_file_ref idref="fl-d"/>
      </object_component>
      <object_component id="oc-a6">
         <name>.text:TimerEnable</name>
         <load_address>0x2cf2</load_address>
         <run_address>0x2cf2</run_address>
         <size>0xe</size>
         <input_file_ref idref="fl-f"/>
      </object_component>
      <object_component id="oc-12">
         <name>.text:decompress:none</name>
         <load_address>0x2d00</load_address>
         <run_address>0x2d00</run_address>
         <size>0xe</size>
         <input_file_ref idref="fl-134"/>
      </object_component>
      <object_component id="oc-197">
         <name>.text:CPUcpsie</name>
         <load_address>0x2d0e</load_address>
         <run_address>0x2d0e</run_address>
         <size>0xc</size>
         <input_file_ref idref="fl-11"/>
      </object_component>
      <object_component id="oc-1e">
         <name>.text:decompress:ZI</name>
         <load_address>0x2d1a</load_address>
         <run_address>0x2d1a</run_address>
         <size>0xc</size>
         <input_file_ref idref="fl-136"/>
      </object_component>
      <object_component id="oc-2a">
         <name>.text</name>
         <load_address>0x2d26</load_address>
         <run_address>0x2d26</run_address>
         <size>0xc</size>
         <input_file_ref idref="fl-4"/>
      </object_component>
      <object_component id="oc-f6">
         <name>.text:TimerIntEnable</name>
         <load_address>0x2d32</load_address>
         <run_address>0x2d32</run_address>
         <size>0x8</size>
         <input_file_ref idref="fl-f"/>
      </object_component>
      <object_component id="oc-114">
         <name>.text:GPIOPinRead</name>
         <load_address>0x2d3a</load_address>
         <run_address>0x2d3a</run_address>
         <size>0x6</size>
         <input_file_ref idref="fl-c"/>
      </object_component>
      <object_component id="oc-c4">
         <name>.text:GPIOPinWrite</name>
         <load_address>0x2d40</load_address>
         <run_address>0x2d40</run_address>
         <size>0x6</size>
         <input_file_ref idref="fl-c"/>
      </object_component>
      <object_component id="oc-17f">
         <name>.text:SysCtlDelay</name>
         <load_address>0x2d46</load_address>
         <run_address>0x2d46</run_address>
         <size>0x6</size>
         <input_file_ref idref="fl-e"/>
      </object_component>
      <object_component id="oc-102">
         <name>.text:UARTClockSourceSet</name>
         <load_address>0x2d4c</load_address>
         <run_address>0x2d4c</run_address>
         <size>0x6</size>
         <input_file_ref idref="fl-10"/>
      </object_component>
      <object_component id="oc-18">
         <name>.text:decompress:rle24</name>
         <load_address>0x2d52</load_address>
         <run_address>0x2d52</run_address>
         <size>0x6</size>
         <input_file_ref idref="fl-135"/>
      </object_component>
      <object_component id="oc-10e">
         <name>.text:TimerIntClear</name>
         <load_address>0x2d58</load_address>
         <run_address>0x2d58</run_address>
         <size>0x4</size>
         <input_file_ref idref="fl-f"/>
      </object_component>
      <object_component id="oc-64">
         <name>.text</name>
         <load_address>0x2d5c</load_address>
         <run_address>0x2d5c</run_address>
         <size>0x4</size>
         <input_file_ref idref="fl-13a"/>
      </object_component>
      <object_component id="oc-1ac">
         <name>.const:.string</name>
         <load_address>0x2d60</load_address>
         <run_address>0x2d60</run_address>
         <size>0x4a0</size>
         <input_file_ref idref="fl-3"/>
      </object_component>
      <object_component id="oc-191">
         <name>.const</name>
         <load_address>0x3200</load_address>
         <run_address>0x3200</run_address>
         <size>0x70</size>
         <input_file_ref idref="fl-d"/>
      </object_component>
      <object_component id="oc-171">
         <name>.const:g_pui32Xtals</name>
         <load_address>0x3270</load_address>
         <run_address>0x3270</run_address>
         <size>0x6c</size>
         <input_file_ref idref="fl-e"/>
      </object_component>
      <object_component id="oc-164">
         <name>.const:g_psDaysToMonth</name>
         <load_address>0x32dc</load_address>
         <run_address>0x32dc</run_address>
         <size>0x30</size>
         <input_file_ref idref="fl-6"/>
      </object_component>
      <object_component id="oc-84">
         <name>.const</name>
         <load_address>0x330c</load_address>
         <run_address>0x330c</run_address>
         <size>0x28</size>
         <input_file_ref idref="fl-5"/>
      </object_component>
      <object_component id="oc-161">
         <name>.const</name>
         <load_address>0x3334</load_address>
         <run_address>0x3334</run_address>
         <size>0x1c</size>
         <input_file_ref idref="fl-6"/>
      </object_component>
      <object_component id="oc-153">
         <name>.const:.string</name>
         <load_address>0x3350</load_address>
         <run_address>0x3350</run_address>
         <size>0x12</size>
         <input_file_ref idref="fl-5"/>
      </object_component>
      <object_component id="oc-1d8">
         <name>.const:.string</name>
         <load_address>0x3364</load_address>
         <run_address>0x3364</run_address>
         <size>0x12</size>
         <input_file_ref idref="fl-6"/>
      </object_component>
      <object_component id="oc-228">
         <name>.cinit..data.load</name>
         <load_address>0x3378</load_address>
         <run_address>0x3378</run_address>
         <size>0x188</size>
      </object_component>
      <object_component id="oc-226">
         <name>__TI_handler_table</name>
         <load_address>0x3500</load_address>
         <run_address>0x3500</run_address>
         <size>0xc</size>
      </object_component>
      <object_component id="oc-229">
         <name>.cinit..bss.load</name>
         <load_address>0x3510</load_address>
         <run_address>0x3510</run_address>
         <size>0x8</size>
      </object_component>
      <object_component id="oc-227">
         <name>__TI_cinit_table</name>
         <load_address>0x3518</load_address>
         <run_address>0x3518</run_address>
         <size>0x10</size>
      </object_component>
      <object_component id="oc-29">
         <name>.stack</name>
         <uninitialized>true</uninitialized>
         <run_address>0x20000548</run_address>
         <size>0x0</size>
         <input_file_ref idref="fl-133"/>
      </object_component>
      <object_component id="oc-22a">
         <name>.stack</name>
         <uninitialized>true</uninitialized>
         <run_address>0x20000548</run_address>
         <size>0x0</size>
      </object_component>
      <object_component id="oc-1a6">
         <name>.bss:g_ppcArgv</name>
         <uninitialized>true</uninitialized>
         <run_address>0x20000500</run_address>
         <size>0x24</size>
         <input_file_ref idref="fl-2"/>
      </object_component>
      <object_component id="oc-11d">
         <name>.bss:g_cInput</name>
         <uninitialized>true</uninitialized>
         <run_address>0x20000400</run_address>
         <size>0x80</size>
         <input_file_ref idref="fl-3"/>
      </object_component>
      <object_component id="oc-8a">
         <name>.bss:g_pcUARTTxBuffer</name>
         <uninitialized>true</uninitialized>
         <run_address>0x20000000</run_address>
         <size>0x400</size>
         <input_file_ref idref="fl-5"/>
      </object_component>
      <object_component id="oc-8d">
         <name>.bss:g_pcUARTRxBuffer</name>
         <uninitialized>true</uninitialized>
         <run_address>0x20000480</run_address>
         <size>0x80</size>
         <input_file_ref idref="fl-5"/>
      </object_component>
      <object_component id="oc-cd">
         <name>.common:ui32PulseCounter1</name>
         <uninitialized>true</uninitialized>
         <run_address>0x20000528</run_address>
         <size>0x4</size>
      </object_component>
      <object_component id="oc-ca">
         <name>.common:bFreeMotion1</name>
         <uninitialized>true</uninitialized>
         <run_address>0x20000540</run_address>
         <size>0x1</size>
      </object_component>
      <object_component id="oc-cf">
         <name>.common:ui32PulseCounter2</name>
         <uninitialized>true</uninitialized>
         <run_address>0x2000052c</run_address>
         <size>0x4</size>
      </object_component>
      <object_component id="oc-ce">
         <name>.common:bFreeMotion2</name>
         <uninitialized>true</uninitialized>
         <run_address>0x20000541</run_address>
         <size>0x1</size>
      </object_component>
      <object_component id="oc-d1">
         <name>.common:ui32PulseCounter3</name>
         <uninitialized>true</uninitialized>
         <run_address>0x20000530</run_address>
         <size>0x4</size>
      </object_component>
      <object_component id="oc-d0">
         <name>.common:bFreeMotion3</name>
         <uninitialized>true</uninitialized>
         <run_address>0x20000542</run_address>
         <size>0x1</size>
      </object_component>
      <object_component id="oc-d3">
         <name>.common:ui32PulseCounter4</name>
         <uninitialized>true</uninitialized>
         <run_address>0x20000534</run_address>
         <size>0x4</size>
      </object_component>
      <object_component id="oc-d2">
         <name>.common:bFreeMotion4</name>
         <uninitialized>true</uninitialized>
         <run_address>0x20000543</run_address>
         <size>0x1</size>
      </object_component>
      <object_component id="oc-d5">
         <name>.common:ui32PulseCounter5</name>
         <uninitialized>true</uninitialized>
         <run_address>0x20000538</run_address>
         <size>0x4</size>
      </object_component>
      <object_component id="oc-d4">
         <name>.common:bFreeMotion5</name>
         <uninitialized>true</uninitialized>
         <run_address>0x20000544</run_address>
         <size>0x1</size>
      </object_component>
      <object_component id="oc-d7">
         <name>.common:ui32PulseCounter6</name>
         <uninitialized>true</uninitialized>
         <run_address>0x2000053c</run_address>
         <size>0x4</size>
      </object_component>
      <object_component id="oc-d6">
         <name>.common:bFreeMotion6</name>
         <uninitialized>true</uninitialized>
         <run_address>0x20000545</run_address>
         <size>0x1</size>
      </object_component>
      <object_component id="oc-95">
         <name>.common:g_bDisableEcho</name>
         <uninitialized>true</uninitialized>
         <run_address>0x20000546</run_address>
         <size>0x1</size>
      </object_component>
      <object_component id="oc-87">
         <name>.common:g_ui32PortNum</name>
         <uninitialized>true</uninitialized>
         <run_address>0x20000524</run_address>
         <size>0x4</size>
      </object_component>
      <object_component id="oc-11a">
         <name>.data:g_psCmdTable</name>
         <load_address>0x20000748</load_address>
         <run_address>0x20000748</run_address>
         <size>0x180</size>
         <input_file_ref idref="fl-3"/>
      </object_component>
      <object_component id="oc-81">
         <name>.data</name>
         <load_address>0x200008c8</load_address>
         <run_address>0x200008c8</run_address>
         <size>0x15</size>
         <input_file_ref idref="fl-5"/>
      </object_component>
      <object_component id="oc-167">
         <name>.data</name>
         <load_address>0x200008f4</load_address>
         <run_address>0x200008f4</run_address>
         <size>0x4</size>
         <input_file_ref idref="fl-6"/>
      </object_component>
      <object_component id="oc-149">
         <name>.data</name>
         <load_address>0x200008e8</load_address>
         <run_address>0x200008e8</run_address>
         <size>0x8</size>
         <input_file_ref idref="fl-137"/>
      </object_component>
      <object_component id="oc-7c">
         <name>.data</name>
         <load_address>0x200008f0</load_address>
         <run_address>0x200008f0</run_address>
         <size>0x4</size>
         <input_file_ref idref="fl-13b"/>
      </object_component>
      <object_component id="oc-146">
         <name>.data</name>
         <load_address>0x200008e0</load_address>
         <run_address>0x200008e0</run_address>
         <size>0x8</size>
         <input_file_ref idref="fl-13e"/>
      </object_component>
      <object_component id="oc-15d">
         <name>.debug_info</name>
         <load_address>0x0</load_address>
         <run_address>0x0</run_address>
         <size>0x193</size>
         <input_file_ref idref="fl-2"/>
      </object_component>
      <object_component id="oc-1a7">
         <name>.debug_info</name>
         <load_address>0x193</load_address>
         <run_address>0x193</run_address>
         <size>0x112</size>
         <input_file_ref idref="fl-2"/>
      </object_component>
      <object_component id="oc-109">
         <name>.debug_info</name>
         <load_address>0x2a5</load_address>
         <run_address>0x2a5</run_address>
         <size>0x24a</size>
         <input_file_ref idref="fl-2"/>
      </object_component>
      <object_component id="oc-17a">
         <name>.debug_info</name>
         <load_address>0x4ef</load_address>
         <run_address>0x4ef</run_address>
         <size>0x7f</size>
         <input_file_ref idref="fl-2"/>
      </object_component>
      <object_component id="oc-97">
         <name>.debug_info</name>
         <load_address>0x56e</load_address>
         <run_address>0x56e</run_address>
         <size>0x8b</size>
         <input_file_ref idref="fl-2"/>
      </object_component>
      <object_component id="oc-9c">
         <name>.debug_info</name>
         <load_address>0x5f9</load_address>
         <run_address>0x5f9</run_address>
         <size>0x18b</size>
         <input_file_ref idref="fl-2"/>
      </object_component>
      <object_component id="oc-133">
         <name>.debug_info</name>
         <load_address>0x784</load_address>
         <run_address>0x784</run_address>
         <size>0x2c</size>
         <input_file_ref idref="fl-2"/>
      </object_component>
      <object_component id="oc-a1">
         <name>.debug_info</name>
         <load_address>0x7b0</load_address>
         <run_address>0x7b0</run_address>
         <size>0x4e</size>
         <input_file_ref idref="fl-2"/>
      </object_component>
      <object_component id="oc-cb">
         <name>.debug_info</name>
         <load_address>0x7fe</load_address>
         <run_address>0x7fe</run_address>
         <size>0x768</size>
         <input_file_ref idref="fl-3"/>
      </object_component>
      <object_component id="oc-11e">
         <name>.debug_info</name>
         <load_address>0xf66</load_address>
         <run_address>0xf66</run_address>
         <size>0xe9</size>
         <input_file_ref idref="fl-3"/>
      </object_component>
      <object_component id="oc-11b">
         <name>.debug_info</name>
         <load_address>0x104f</load_address>
         <run_address>0x104f</run_address>
         <size>0xf3</size>
         <input_file_ref idref="fl-3"/>
      </object_component>
      <object_component id="oc-37">
         <name>.debug_info</name>
         <load_address>0x1142</load_address>
         <run_address>0x1142</run_address>
         <size>0x2823</size>
         <input_file_ref idref="fl-3"/>
      </object_component>
      <object_component id="oc-16c">
         <name>.debug_info</name>
         <load_address>0x3965</load_address>
         <run_address>0x3965</run_address>
         <size>0x16f</size>
         <input_file_ref idref="fl-3"/>
      </object_component>
      <object_component id="oc-3e">
         <name>.debug_info</name>
         <load_address>0x3ad4</load_address>
         <run_address>0x3ad4</run_address>
         <size>0x23f</size>
         <input_file_ref idref="fl-4"/>
      </object_component>
      <object_component id="oc-10">
         <name>.debug_info</name>
         <load_address>0x3d13</load_address>
         <run_address>0x3d13</run_address>
         <size>0x106</size>
         <input_file_ref idref="fl-4"/>
      </object_component>
      <object_component id="oc-2d">
         <name>.debug_info</name>
         <load_address>0x3e19</load_address>
         <run_address>0x3e19</run_address>
         <size>0x282</size>
         <input_file_ref idref="fl-4"/>
      </object_component>
      <object_component id="oc-123">
         <name>.debug_info</name>
         <load_address>0x409b</load_address>
         <run_address>0x409b</run_address>
         <size>0x84</size>
         <input_file_ref idref="fl-4"/>
      </object_component>
      <object_component id="oc-88">
         <name>.debug_info</name>
         <load_address>0x411f</load_address>
         <run_address>0x411f</run_address>
         <size>0x1ae</size>
         <input_file_ref idref="fl-5"/>
      </object_component>
      <object_component id="oc-8b">
         <name>.debug_info</name>
         <load_address>0x42cd</load_address>
         <run_address>0x42cd</run_address>
         <size>0x122</size>
         <input_file_ref idref="fl-5"/>
      </object_component>
      <object_component id="oc-82">
         <name>.debug_info</name>
         <load_address>0x43ef</load_address>
         <run_address>0x43ef</run_address>
         <size>0x202</size>
         <input_file_ref idref="fl-5"/>
      </object_component>
      <object_component id="oc-8e">
         <name>.debug_info</name>
         <load_address>0x45f1</load_address>
         <run_address>0x45f1</run_address>
         <size>0x122</size>
         <input_file_ref idref="fl-5"/>
      </object_component>
      <object_component id="oc-85">
         <name>.debug_info</name>
         <load_address>0x4713</load_address>
         <run_address>0x4713</run_address>
         <size>0x196</size>
         <input_file_ref idref="fl-5"/>
      </object_component>
      <object_component id="oc-31">
         <name>.debug_info</name>
         <load_address>0x48a9</load_address>
         <run_address>0x48a9</run_address>
         <size>0x15e8</size>
         <input_file_ref idref="fl-5"/>
      </object_component>
      <object_component id="oc-16b">
         <name>.debug_info</name>
         <load_address>0x5e91</load_address>
         <run_address>0x5e91</run_address>
         <size>0x15b</size>
         <input_file_ref idref="fl-6"/>
      </object_component>
      <object_component id="oc-162">
         <name>.debug_info</name>
         <load_address>0x5fec</load_address>
         <run_address>0x5fec</run_address>
         <size>0x139</size>
         <input_file_ref idref="fl-6"/>
      </object_component>
      <object_component id="oc-165">
         <name>.debug_info</name>
         <load_address>0x6125</load_address>
         <run_address>0x6125</run_address>
         <size>0x11f</size>
         <input_file_ref idref="fl-6"/>
      </object_component>
      <object_component id="oc-168">
         <name>.debug_info</name>
         <load_address>0x6244</load_address>
         <run_address>0x6244</run_address>
         <size>0x11b</size>
         <input_file_ref idref="fl-6"/>
      </object_component>
      <object_component id="oc-b4">
         <name>.debug_info</name>
         <load_address>0x635f</load_address>
         <run_address>0x635f</run_address>
         <size>0x1355</size>
         <input_file_ref idref="fl-6"/>
      </object_component>
      <object_component id="oc-177">
         <name>.debug_info</name>
         <load_address>0x76b4</load_address>
         <run_address>0x76b4</run_address>
         <size>0x230</size>
         <input_file_ref idref="fl-c"/>
      </object_component>
      <object_component id="oc-c7">
         <name>.debug_info</name>
         <load_address>0x78e4</load_address>
         <run_address>0x78e4</run_address>
         <size>0x2a3</size>
         <input_file_ref idref="fl-c"/>
      </object_component>
      <object_component id="oc-18c">
         <name>.debug_info</name>
         <load_address>0x7b87</load_address>
         <run_address>0x7b87</run_address>
         <size>0x2b3</size>
         <input_file_ref idref="fl-c"/>
      </object_component>
      <object_component id="oc-186">
         <name>.debug_info</name>
         <load_address>0x7e3a</load_address>
         <run_address>0x7e3a</run_address>
         <size>0x316</size>
         <input_file_ref idref="fl-c"/>
      </object_component>
      <object_component id="oc-e5">
         <name>.debug_info</name>
         <load_address>0x8150</load_address>
         <run_address>0x8150</run_address>
         <size>0x2b7</size>
         <input_file_ref idref="fl-c"/>
      </object_component>
      <object_component id="oc-115">
         <name>.debug_info</name>
         <load_address>0x8407</load_address>
         <run_address>0x8407</run_address>
         <size>0x27b</size>
         <input_file_ref idref="fl-c"/>
      </object_component>
      <object_component id="oc-195">
         <name>.debug_info</name>
         <load_address>0x8682</load_address>
         <run_address>0x8682</run_address>
         <size>0x20e</size>
         <input_file_ref idref="fl-d"/>
      </object_component>
      <object_component id="oc-192">
         <name>.debug_info</name>
         <load_address>0x8890</load_address>
         <run_address>0x8890</run_address>
         <size>0x210</size>
         <input_file_ref idref="fl-d"/>
      </object_component>
      <object_component id="oc-fe">
         <name>.debug_info</name>
         <load_address>0x8aa0</load_address>
         <run_address>0x8aa0</run_address>
         <size>0x23e</size>
         <input_file_ref idref="fl-d"/>
      </object_component>
      <object_component id="oc-f2">
         <name>.debug_info</name>
         <load_address>0x8cde</load_address>
         <run_address>0x8cde</run_address>
         <size>0x268</size>
         <input_file_ref idref="fl-d"/>
      </object_component>
      <object_component id="oc-181">
         <name>.debug_info</name>
         <load_address>0x8f46</load_address>
         <run_address>0x8f46</run_address>
         <size>0x27f</size>
         <input_file_ref idref="fl-e"/>
      </object_component>
      <object_component id="oc-172">
         <name>.debug_info</name>
         <load_address>0x91c5</load_address>
         <run_address>0x91c5</run_address>
         <size>0x14d</size>
         <input_file_ref idref="fl-e"/>
      </object_component>
      <object_component id="oc-df">
         <name>.debug_info</name>
         <load_address>0x9312</load_address>
         <run_address>0x9312</run_address>
         <size>0x27d</size>
         <input_file_ref idref="fl-e"/>
      </object_component>
      <object_component id="oc-da">
         <name>.debug_info</name>
         <load_address>0x958f</load_address>
         <run_address>0x958f</run_address>
         <size>0x2db</size>
         <input_file_ref idref="fl-e"/>
      </object_component>
      <object_component id="oc-ba">
         <name>.debug_info</name>
         <load_address>0x986a</load_address>
         <run_address>0x986a</run_address>
         <size>0x2b5</size>
         <input_file_ref idref="fl-e"/>
      </object_component>
      <object_component id="oc-1e7">
         <name>.debug_info</name>
         <load_address>0x9b1f</load_address>
         <run_address>0x9b1f</run_address>
         <size>0x5f</size>
         <input_file_ref idref="fl-e"/>
      </object_component>
      <object_component id="oc-15f">
         <name>.debug_info</name>
         <load_address>0x9b7e</load_address>
         <run_address>0x9b7e</run_address>
         <size>0x228</size>
         <input_file_ref idref="fl-f"/>
      </object_component>
      <object_component id="oc-c0">
         <name>.debug_info</name>
         <load_address>0x9da6</load_address>
         <run_address>0x9da6</run_address>
         <size>0x2ba</size>
         <input_file_ref idref="fl-f"/>
      </object_component>
      <object_component id="oc-f8">
         <name>.debug_info</name>
         <load_address>0xa060</load_address>
         <run_address>0xa060</run_address>
         <size>0x294</size>
         <input_file_ref idref="fl-f"/>
      </object_component>
      <object_component id="oc-110">
         <name>.debug_info</name>
         <load_address>0xa2f4</load_address>
         <run_address>0xa2f4</run_address>
         <size>0x292</size>
         <input_file_ref idref="fl-f"/>
      </object_component>
      <object_component id="oc-a8">
         <name>.debug_info</name>
         <load_address>0xa586</load_address>
         <run_address>0xa586</run_address>
         <size>0x27f</size>
         <input_file_ref idref="fl-f"/>
      </object_component>
      <object_component id="oc-ae">
         <name>.debug_info</name>
         <load_address>0xa805</load_address>
         <run_address>0xa805</run_address>
         <size>0x281</size>
         <input_file_ref idref="fl-f"/>
      </object_component>
      <object_component id="oc-ec">
         <name>.debug_info</name>
         <load_address>0xaa86</load_address>
         <run_address>0xaa86</run_address>
         <size>0x28c</size>
         <input_file_ref idref="fl-f"/>
      </object_component>
      <object_component id="oc-19f">
         <name>.debug_info</name>
         <load_address>0xad12</load_address>
         <run_address>0xad12</run_address>
         <size>0x227</size>
         <input_file_ref idref="fl-10"/>
      </object_component>
      <object_component id="oc-103">
         <name>.debug_info</name>
         <load_address>0xaf39</load_address>
         <run_address>0xaf39</run_address>
         <size>0x291</size>
         <input_file_ref idref="fl-10"/>
      </object_component>
      <object_component id="oc-198">
         <name>.debug_info</name>
         <load_address>0xb1ca</load_address>
         <run_address>0xb1ca</run_address>
         <size>0x212</size>
         <input_file_ref idref="fl-11"/>
      </object_component>
      <object_component id="oc-25">
         <name>.debug_info</name>
         <load_address>0xb3dc</load_address>
         <run_address>0xb3dc</run_address>
         <size>0x138</size>
         <input_file_ref idref="fl-133"/>
      </object_component>
      <object_component id="oc-4a">
         <name>.debug_info</name>
         <load_address>0xb514</load_address>
         <run_address>0xb514</run_address>
         <size>0x123</size>
         <input_file_ref idref="fl-134"/>
      </object_component>
      <object_component id="oc-14">
         <name>.debug_info</name>
         <load_address>0xb637</load_address>
         <run_address>0xb637</run_address>
         <size>0x1c2</size>
         <input_file_ref idref="fl-134"/>
      </object_component>
      <object_component id="oc-45">
         <name>.debug_info</name>
         <load_address>0xb7f9</load_address>
         <run_address>0xb7f9</run_address>
         <size>0x46</size>
         <input_file_ref idref="fl-134"/>
      </object_component>
      <object_component id="oc-129">
         <name>.debug_info</name>
         <load_address>0xb83f</load_address>
         <run_address>0xb83f</run_address>
         <size>0x2c</size>
         <input_file_ref idref="fl-134"/>
      </object_component>
      <object_component id="oc-52">
         <name>.debug_info</name>
         <load_address>0xb86b</load_address>
         <run_address>0xb86b</run_address>
         <size>0x117</size>
         <input_file_ref idref="fl-135"/>
      </object_component>
      <object_component id="oc-4f">
         <name>.debug_info</name>
         <load_address>0xb982</load_address>
         <run_address>0xb982</run_address>
         <size>0x22a</size>
         <input_file_ref idref="fl-135"/>
      </object_component>
      <object_component id="oc-1c">
         <name>.debug_info</name>
         <load_address>0xbbac</load_address>
         <run_address>0xbbac</run_address>
         <size>0x1bc</size>
         <input_file_ref idref="fl-135"/>
      </object_component>
      <object_component id="oc-53">
         <name>.debug_info</name>
         <load_address>0xbd68</load_address>
         <run_address>0xbd68</run_address>
         <size>0x39</size>
         <input_file_ref idref="fl-135"/>
      </object_component>
      <object_component id="oc-63">
         <name>.debug_info</name>
         <load_address>0xbda1</load_address>
         <run_address>0xbda1</run_address>
         <size>0x112</size>
         <input_file_ref idref="fl-136"/>
      </object_component>
      <object_component id="oc-1f">
         <name>.debug_info</name>
         <load_address>0xbeb3</load_address>
         <run_address>0xbeb3</run_address>
         <size>0x18d</size>
         <input_file_ref idref="fl-136"/>
      </object_component>
      <object_component id="oc-5e">
         <name>.debug_info</name>
         <load_address>0xc040</load_address>
         <run_address>0xc040</run_address>
         <size>0x46</size>
         <input_file_ref idref="fl-136"/>
      </object_component>
      <object_component id="oc-14d">
         <name>.debug_info</name>
         <load_address>0xc086</load_address>
         <run_address>0xc086</run_address>
         <size>0x174</size>
         <input_file_ref idref="fl-137"/>
      </object_component>
      <object_component id="oc-14a">
         <name>.debug_info</name>
         <load_address>0xc1fa</load_address>
         <run_address>0xc1fa</run_address>
         <size>0x119</size>
         <input_file_ref idref="fl-137"/>
      </object_component>
      <object_component id="oc-79">
         <name>.debug_info</name>
         <load_address>0xc313</load_address>
         <run_address>0xc313</run_address>
         <size>0x1f0</size>
         <input_file_ref idref="fl-137"/>
      </object_component>
      <object_component id="oc-41">
         <name>.debug_info</name>
         <load_address>0xc503</load_address>
         <run_address>0xc503</run_address>
         <size>0xfa</size>
         <input_file_ref idref="fl-138"/>
      </object_component>
      <object_component id="oc-59">
         <name>.debug_info</name>
         <load_address>0xc5fd</load_address>
         <run_address>0xc5fd</run_address>
         <size>0x12a</size>
         <input_file_ref idref="fl-139"/>
      </object_component>
      <object_component id="oc-68">
         <name>.debug_info</name>
         <load_address>0xc727</load_address>
         <run_address>0xc727</run_address>
         <size>0x12b</size>
         <input_file_ref idref="fl-13a"/>
      </object_component>
      <object_component id="oc-7d">
         <name>.debug_info</name>
         <load_address>0xc852</load_address>
         <run_address>0xc852</run_address>
         <size>0xec</size>
         <input_file_ref idref="fl-13b"/>
      </object_component>
      <object_component id="oc-1f6">
         <name>.debug_info</name>
         <load_address>0xc93e</load_address>
         <run_address>0xc93e</run_address>
         <size>0xc8</size>
         <input_file_ref idref="fl-13c"/>
      </object_component>
      <object_component id="oc-1a1">
         <name>.debug_info</name>
         <load_address>0xca06</load_address>
         <run_address>0xca06</run_address>
         <size>0x20b</size>
         <input_file_ref idref="fl-13c"/>
      </object_component>
      <object_component id="oc-91">
         <name>.debug_info</name>
         <load_address>0xcc11</load_address>
         <run_address>0xcc11</run_address>
         <size>0x165</size>
         <input_file_ref idref="fl-13d"/>
      </object_component>
      <object_component id="oc-1ce">
         <name>.debug_info</name>
         <load_address>0xcd76</load_address>
         <run_address>0xcd76</run_address>
         <size>0x107</size>
         <input_file_ref idref="fl-13e"/>
      </object_component>
      <object_component id="oc-147">
         <name>.debug_info</name>
         <load_address>0xce7d</load_address>
         <run_address>0xce7d</run_address>
         <size>0xf6</size>
         <input_file_ref idref="fl-13e"/>
      </object_component>
      <object_component id="oc-1c7">
         <name>.debug_info</name>
         <load_address>0xcf73</load_address>
         <run_address>0xcf73</run_address>
         <size>0x202</size>
         <input_file_ref idref="fl-13e"/>
      </object_component>
      <object_component id="oc-145">
         <name>.debug_info</name>
         <load_address>0xd175</load_address>
         <run_address>0xd175</run_address>
         <size>0x149</size>
         <input_file_ref idref="fl-13f"/>
      </object_component>
      <object_component id="oc-73">
         <name>.debug_info</name>
         <load_address>0xd2be</load_address>
         <run_address>0xd2be</run_address>
         <size>0x14a</size>
         <input_file_ref idref="fl-13f"/>
      </object_component>
      <object_component id="oc-1c1">
         <name>.debug_info</name>
         <load_address>0xd408</load_address>
         <run_address>0xd408</run_address>
         <size>0x5e</size>
         <input_file_ref idref="fl-13f"/>
      </object_component>
      <object_component id="oc-143">
         <name>.debug_info</name>
         <load_address>0xd466</load_address>
         <run_address>0xd466</run_address>
         <size>0x2a0</size>
         <input_file_ref idref="fl-140"/>
      </object_component>
      <object_component id="oc-6b">
         <name>.debug_info</name>
         <load_address>0xd706</load_address>
         <run_address>0xd706</run_address>
         <size>0x15a</size>
         <input_file_ref idref="fl-140"/>
      </object_component>
      <object_component id="oc-1b5">
         <name>.debug_info</name>
         <load_address>0xd860</load_address>
         <run_address>0xd860</run_address>
         <size>0x39</size>
         <input_file_ref idref="fl-140"/>
      </object_component>
      <object_component id="oc-1ba">
         <name>.debug_info</name>
         <load_address>0xd899</load_address>
         <run_address>0xd899</run_address>
         <size>0xcd</size>
         <input_file_ref idref="fl-140"/>
      </object_component>
      <object_component id="oc-1b2">
         <name>.debug_info</name>
         <load_address>0xd966</load_address>
         <run_address>0xd966</run_address>
         <size>0x1c3</size>
         <input_file_ref idref="fl-141"/>
      </object_component>
      <object_component id="oc-13d">
         <name>.debug_info</name>
         <load_address>0xdb29</load_address>
         <run_address>0xdb29</run_address>
         <size>0x17f</size>
         <input_file_ref idref="fl-141"/>
      </object_component>
      <object_component id="oc-1fb">
         <name>.debug_info</name>
         <load_address>0xdca8</load_address>
         <run_address>0xdca8</run_address>
         <size>0x2c</size>
         <input_file_ref idref="fl-141"/>
      </object_component>
      <object_component id="oc-22b">
         <name>.debug_info</name>
         <load_address>0xdcd4</load_address>
         <run_address>0xdcd4</run_address>
         <size>0xc0</size>
      </object_component>
      <object_component id="oc-1d5">
         <name>.debug_line</name>
         <load_address>0x0</load_address>
         <run_address>0x0</run_address>
         <size>0x94</size>
         <input_file_ref idref="fl-2"/>
      </object_component>
      <object_component id="oc-1f8">
         <name>.debug_line</name>
         <load_address>0x94</load_address>
         <run_address>0x94</run_address>
         <size>0x54</size>
         <input_file_ref idref="fl-2"/>
      </object_component>
      <object_component id="oc-10d">
         <name>.debug_line</name>
         <load_address>0xe8</load_address>
         <run_address>0xe8</run_address>
         <size>0xb8</size>
         <input_file_ref idref="fl-2"/>
      </object_component>
      <object_component id="oc-17d">
         <name>.debug_line</name>
         <load_address>0x1a0</load_address>
         <run_address>0x1a0</run_address>
         <size>0x54</size>
         <input_file_ref idref="fl-2"/>
      </object_component>
      <object_component id="oc-9a">
         <name>.debug_line</name>
         <load_address>0x1f4</load_address>
         <run_address>0x1f4</run_address>
         <size>0x20</size>
         <input_file_ref idref="fl-2"/>
      </object_component>
      <object_component id="oc-9f">
         <name>.debug_line</name>
         <load_address>0x214</load_address>
         <run_address>0x214</run_address>
         <size>0x60</size>
         <input_file_ref idref="fl-2"/>
      </object_component>
      <object_component id="oc-136">
         <name>.debug_line</name>
         <load_address>0x274</load_address>
         <run_address>0x274</run_address>
         <size>0x60</size>
         <input_file_ref idref="fl-2"/>
      </object_component>
      <object_component id="oc-a4">
         <name>.debug_line</name>
         <load_address>0x2d4</load_address>
         <run_address>0x2d4</run_address>
         <size>0x60</size>
         <input_file_ref idref="fl-2"/>
      </object_component>
      <object_component id="oc-179">
         <name>.debug_line</name>
         <load_address>0x334</load_address>
         <run_address>0x334</run_address>
         <size>0x1dc</size>
         <input_file_ref idref="fl-3"/>
      </object_component>
      <object_component id="oc-1b0">
         <name>.debug_line</name>
         <load_address>0x510</load_address>
         <run_address>0x510</run_address>
         <size>0x2d</size>
         <input_file_ref idref="fl-3"/>
      </object_component>
      <object_component id="oc-1ae">
         <name>.debug_line</name>
         <load_address>0x53d</load_address>
         <run_address>0x53d</run_address>
         <size>0x2d</size>
         <input_file_ref idref="fl-3"/>
      </object_component>
      <object_component id="oc-3a">
         <name>.debug_line</name>
         <load_address>0x56a</load_address>
         <run_address>0x56a</run_address>
         <size>0x5b2</size>
         <input_file_ref idref="fl-3"/>
      </object_component>
      <object_component id="oc-16f">
         <name>.debug_line</name>
         <load_address>0xb1c</load_address>
         <run_address>0xb1c</run_address>
         <size>0x5e</size>
         <input_file_ref idref="fl-3"/>
      </object_component>
      <object_component id="oc-122">
         <name>.debug_line</name>
         <load_address>0xb7a</load_address>
         <run_address>0xb7a</run_address>
         <size>0x41</size>
         <input_file_ref idref="fl-4"/>
      </object_component>
      <object_component id="oc-3d">
         <name>.debug_line</name>
         <load_address>0xbbb</load_address>
         <run_address>0xbbb</run_address>
         <size>0x41</size>
         <input_file_ref idref="fl-4"/>
      </object_component>
      <object_component id="oc-2c">
         <name>.debug_line</name>
         <load_address>0xbfc</load_address>
         <run_address>0xbfc</run_address>
         <size>0xa1</size>
         <input_file_ref idref="fl-4"/>
      </object_component>
      <object_component id="oc-126">
         <name>.debug_line</name>
         <load_address>0xc9d</load_address>
         <run_address>0xc9d</run_address>
         <size>0x20</size>
         <input_file_ref idref="fl-4"/>
      </object_component>
      <object_component id="oc-157">
         <name>.debug_line</name>
         <load_address>0xcbd</load_address>
         <run_address>0xcbd</run_address>
         <size>0x56</size>
         <input_file_ref idref="fl-5"/>
      </object_component>
      <object_component id="oc-159">
         <name>.debug_line</name>
         <load_address>0xd13</load_address>
         <run_address>0xd13</run_address>
         <size>0x56</size>
         <input_file_ref idref="fl-5"/>
      </object_component>
      <object_component id="oc-152">
         <name>.debug_line</name>
         <load_address>0xd69</load_address>
         <run_address>0xd69</run_address>
         <size>0x56</size>
         <input_file_ref idref="fl-5"/>
      </object_component>
      <object_component id="oc-15b">
         <name>.debug_line</name>
         <load_address>0xdbf</load_address>
         <run_address>0xdbf</run_address>
         <size>0x56</size>
         <input_file_ref idref="fl-5"/>
      </object_component>
      <object_component id="oc-155">
         <name>.debug_line</name>
         <load_address>0xe15</load_address>
         <run_address>0xe15</run_address>
         <size>0x56</size>
         <input_file_ref idref="fl-5"/>
      </object_component>
      <object_component id="oc-35">
         <name>.debug_line</name>
         <load_address>0xe6b</load_address>
         <run_address>0xe6b</run_address>
         <size>0x534</size>
         <input_file_ref idref="fl-5"/>
      </object_component>
      <object_component id="oc-1e0">
         <name>.debug_line</name>
         <load_address>0x139f</load_address>
         <run_address>0x139f</run_address>
         <size>0x20</size>
         <input_file_ref idref="fl-6"/>
      </object_component>
      <object_component id="oc-1da">
         <name>.debug_line</name>
         <load_address>0x13bf</load_address>
         <run_address>0x13bf</run_address>
         <size>0x54</size>
         <input_file_ref idref="fl-6"/>
      </object_component>
      <object_component id="oc-1dc">
         <name>.debug_line</name>
         <load_address>0x1413</load_address>
         <run_address>0x1413</run_address>
         <size>0x54</size>
         <input_file_ref idref="fl-6"/>
      </object_component>
      <object_component id="oc-1de">
         <name>.debug_line</name>
         <load_address>0x1467</load_address>
         <run_address>0x1467</run_address>
         <size>0x54</size>
         <input_file_ref idref="fl-6"/>
      </object_component>
      <object_component id="oc-b3">
         <name>.debug_line</name>
         <load_address>0x14bb</load_address>
         <run_address>0x14bb</run_address>
         <size>0x667</size>
         <input_file_ref idref="fl-6"/>
      </object_component>
      <object_component id="oc-1e4">
         <name>.debug_line</name>
         <load_address>0x1b22</load_address>
         <run_address>0x1b22</run_address>
         <size>0x82</size>
         <input_file_ref idref="fl-c"/>
      </object_component>
      <object_component id="oc-c5">
         <name>.debug_line</name>
         <load_address>0x1ba4</load_address>
         <run_address>0x1ba4</run_address>
         <size>0x92</size>
         <input_file_ref idref="fl-c"/>
      </object_component>
      <object_component id="oc-18a">
         <name>.debug_line</name>
         <load_address>0x1c36</load_address>
         <run_address>0x1c36</run_address>
         <size>0x95</size>
         <input_file_ref idref="fl-c"/>
      </object_component>
      <object_component id="oc-184">
         <name>.debug_line</name>
         <load_address>0x1ccb</load_address>
         <run_address>0x1ccb</run_address>
         <size>0xd1</size>
         <input_file_ref idref="fl-c"/>
      </object_component>
      <object_component id="oc-e8">
         <name>.debug_line</name>
         <load_address>0x1d9c</load_address>
         <run_address>0x1d9c</run_address>
         <size>0x99</size>
         <input_file_ref idref="fl-c"/>
      </object_component>
      <object_component id="oc-118">
         <name>.debug_line</name>
         <load_address>0x1e35</load_address>
         <run_address>0x1e35</run_address>
         <size>0x92</size>
         <input_file_ref idref="fl-c"/>
      </object_component>
      <object_component id="oc-1f1">
         <name>.debug_line</name>
         <load_address>0x1ec7</load_address>
         <run_address>0x1ec7</run_address>
         <size>0x7c</size>
         <input_file_ref idref="fl-d"/>
      </object_component>
      <object_component id="oc-1ef">
         <name>.debug_line</name>
         <load_address>0x1f43</load_address>
         <run_address>0x1f43</run_address>
         <size>0x82</size>
         <input_file_ref idref="fl-d"/>
      </object_component>
      <object_component id="oc-100">
         <name>.debug_line</name>
         <load_address>0x1fc5</load_address>
         <run_address>0x1fc5</run_address>
         <size>0x97</size>
         <input_file_ref idref="fl-d"/>
      </object_component>
      <object_component id="oc-f5">
         <name>.debug_line</name>
         <load_address>0x205c</load_address>
         <run_address>0x205c</run_address>
         <size>0xc2</size>
         <input_file_ref idref="fl-d"/>
      </object_component>
      <object_component id="oc-1e6">
         <name>.debug_line</name>
         <load_address>0x211e</load_address>
         <run_address>0x211e</run_address>
         <size>0x13d</size>
         <input_file_ref idref="fl-e"/>
      </object_component>
      <object_component id="oc-1e2">
         <name>.debug_line</name>
         <load_address>0x225b</load_address>
         <run_address>0x225b</run_address>
         <size>0x7f</size>
         <input_file_ref idref="fl-e"/>
      </object_component>
      <object_component id="oc-e2">
         <name>.debug_line</name>
         <load_address>0x22da</load_address>
         <run_address>0x22da</run_address>
         <size>0x94</size>
         <input_file_ref idref="fl-e"/>
      </object_component>
      <object_component id="oc-dd">
         <name>.debug_line</name>
         <load_address>0x236e</load_address>
         <run_address>0x236e</run_address>
         <size>0xe8</size>
         <input_file_ref idref="fl-e"/>
      </object_component>
      <object_component id="oc-bd">
         <name>.debug_line</name>
         <load_address>0x2456</load_address>
         <run_address>0x2456</run_address>
         <size>0x116</size>
         <input_file_ref idref="fl-e"/>
      </object_component>
      <object_component id="oc-1ea">
         <name>.debug_line</name>
         <load_address>0x256c</load_address>
         <run_address>0x256c</run_address>
         <size>0x7f</size>
         <input_file_ref idref="fl-e"/>
      </object_component>
      <object_component id="oc-1d7">
         <name>.debug_line</name>
         <load_address>0x25eb</load_address>
         <run_address>0x25eb</run_address>
         <size>0x82</size>
         <input_file_ref idref="fl-f"/>
      </object_component>
      <object_component id="oc-c2">
         <name>.debug_line</name>
         <load_address>0x266d</load_address>
         <run_address>0x266d</run_address>
         <size>0x9c</size>
         <input_file_ref idref="fl-f"/>
      </object_component>
      <object_component id="oc-fa">
         <name>.debug_line</name>
         <load_address>0x2709</load_address>
         <run_address>0x2709</run_address>
         <size>0x93</size>
         <input_file_ref idref="fl-f"/>
      </object_component>
      <object_component id="oc-112">
         <name>.debug_line</name>
         <load_address>0x279c</load_address>
         <run_address>0x279c</run_address>
         <size>0x93</size>
         <input_file_ref idref="fl-f"/>
      </object_component>
      <object_component id="oc-aa">
         <name>.debug_line</name>
         <load_address>0x282f</load_address>
         <run_address>0x282f</run_address>
         <size>0x93</size>
         <input_file_ref idref="fl-f"/>
      </object_component>
      <object_component id="oc-b0">
         <name>.debug_line</name>
         <load_address>0x28c2</load_address>
         <run_address>0x28c2</run_address>
         <size>0x93</size>
         <input_file_ref idref="fl-f"/>
      </object_component>
      <object_component id="oc-ee">
         <name>.debug_line</name>
         <load_address>0x2955</load_address>
         <run_address>0x2955</run_address>
         <size>0xb0</size>
         <input_file_ref idref="fl-f"/>
      </object_component>
      <object_component id="oc-1f4">
         <name>.debug_line</name>
         <load_address>0x2a05</load_address>
         <run_address>0x2a05</run_address>
         <size>0x82</size>
         <input_file_ref idref="fl-10"/>
      </object_component>
      <object_component id="oc-106">
         <name>.debug_line</name>
         <load_address>0x2a87</load_address>
         <run_address>0x2a87</run_address>
         <size>0x92</size>
         <input_file_ref idref="fl-10"/>
      </object_component>
      <object_component id="oc-19c">
         <name>.debug_line</name>
         <load_address>0x2b19</load_address>
         <run_address>0x2b19</run_address>
         <size>0x91</size>
         <input_file_ref idref="fl-11"/>
      </object_component>
      <object_component id="oc-28">
         <name>.debug_line</name>
         <load_address>0x2baa</load_address>
         <run_address>0x2baa</run_address>
         <size>0x52</size>
         <input_file_ref idref="fl-133"/>
      </object_component>
      <object_component id="oc-12f">
         <name>.debug_line</name>
         <load_address>0x2bfc</load_address>
         <run_address>0x2bfc</run_address>
         <size>0x72</size>
         <input_file_ref idref="fl-134"/>
      </object_component>
      <object_component id="oc-13">
         <name>.debug_line</name>
         <load_address>0x2c6e</load_address>
         <run_address>0x2c6e</run_address>
         <size>0x55</size>
         <input_file_ref idref="fl-134"/>
      </object_component>
      <object_component id="oc-48">
         <name>.debug_line</name>
         <load_address>0x2cc3</load_address>
         <run_address>0x2cc3</run_address>
         <size>0x3a</size>
         <input_file_ref idref="fl-134"/>
      </object_component>
      <object_component id="oc-12c">
         <name>.debug_line</name>
         <load_address>0x2cfd</load_address>
         <run_address>0x2cfd</run_address>
         <size>0x72</size>
         <input_file_ref idref="fl-134"/>
      </object_component>
      <object_component id="oc-132">
         <name>.debug_line</name>
         <load_address>0x2d6f</load_address>
         <run_address>0x2d6f</run_address>
         <size>0x72</size>
         <input_file_ref idref="fl-135"/>
      </object_component>
      <object_component id="oc-4e">
         <name>.debug_line</name>
         <load_address>0x2de1</load_address>
         <run_address>0x2de1</run_address>
         <size>0x98</size>
         <input_file_ref idref="fl-135"/>
      </object_component>
      <object_component id="oc-1a">
         <name>.debug_line</name>
         <load_address>0x2e79</load_address>
         <run_address>0x2e79</run_address>
         <size>0x4b</size>
         <input_file_ref idref="fl-135"/>
      </object_component>
      <object_component id="oc-56">
         <name>.debug_line</name>
         <load_address>0x2ec4</load_address>
         <run_address>0x2ec4</run_address>
         <size>0x39</size>
         <input_file_ref idref="fl-135"/>
      </object_component>
      <object_component id="oc-13a">
         <name>.debug_line</name>
         <load_address>0x2efd</load_address>
         <run_address>0x2efd</run_address>
         <size>0x72</size>
         <input_file_ref idref="fl-136"/>
      </object_component>
      <object_component id="oc-22">
         <name>.debug_line</name>
         <load_address>0x2f6f</load_address>
         <run_address>0x2f6f</run_address>
         <size>0x4f</size>
         <input_file_ref idref="fl-136"/>
      </object_component>
      <object_component id="oc-61">
         <name>.debug_line</name>
         <load_address>0x2fbe</load_address>
         <run_address>0x2fbe</run_address>
         <size>0x34</size>
         <input_file_ref idref="fl-136"/>
      </object_component>
      <object_component id="oc-1d3">
         <name>.debug_line</name>
         <load_address>0x2ff2</load_address>
         <run_address>0x2ff2</run_address>
         <size>0x71</size>
         <input_file_ref idref="fl-137"/>
      </object_component>
      <object_component id="oc-1d1">
         <name>.debug_line</name>
         <load_address>0x3063</load_address>
         <run_address>0x3063</run_address>
         <size>0x2a</size>
         <input_file_ref idref="fl-137"/>
      </object_component>
      <object_component id="oc-77">
         <name>.debug_line</name>
         <load_address>0x308d</load_address>
         <run_address>0x308d</run_address>
         <size>0x7a</size>
         <input_file_ref idref="fl-137"/>
      </object_component>
      <object_component id="oc-43">
         <name>.debug_line</name>
         <load_address>0x3107</load_address>
         <run_address>0x3107</run_address>
         <size>0x88</size>
         <input_file_ref idref="fl-138"/>
      </object_component>
      <object_component id="oc-5c">
         <name>.debug_line</name>
         <load_address>0x318f</load_address>
         <run_address>0x318f</run_address>
         <size>0x79</size>
         <input_file_ref idref="fl-139"/>
      </object_component>
      <object_component id="oc-66">
         <name>.debug_line</name>
         <load_address>0x3208</load_address>
         <run_address>0x3208</run_address>
         <size>0x40</size>
         <input_file_ref idref="fl-13a"/>
      </object_component>
      <object_component id="oc-150">
         <name>.debug_line</name>
         <load_address>0x3248</load_address>
         <run_address>0x3248</run_address>
         <size>0x33</size>
         <input_file_ref idref="fl-13b"/>
      </object_component>
      <object_component id="oc-204">
         <name>.debug_line</name>
         <load_address>0x327b</load_address>
         <run_address>0x327b</run_address>
         <size>0x20</size>
         <input_file_ref idref="fl-13c"/>
      </object_component>
      <object_component id="oc-1a4">
         <name>.debug_line</name>
         <load_address>0x329b</load_address>
         <run_address>0x329b</run_address>
         <size>0x8d</size>
         <input_file_ref idref="fl-13c"/>
      </object_component>
      <object_component id="oc-94">
         <name>.debug_line</name>
         <load_address>0x3328</load_address>
         <run_address>0x3328</run_address>
         <size>0x6c</size>
         <input_file_ref idref="fl-13d"/>
      </object_component>
      <object_component id="oc-202">
         <name>.debug_line</name>
         <load_address>0x3394</load_address>
         <run_address>0x3394</run_address>
         <size>0x20</size>
         <input_file_ref idref="fl-13e"/>
      </object_component>
      <object_component id="oc-1cd">
         <name>.debug_line</name>
         <load_address>0x33b4</load_address>
         <run_address>0x33b4</run_address>
         <size>0x2b</size>
         <input_file_ref idref="fl-13e"/>
      </object_component>
      <object_component id="oc-1cb">
         <name>.debug_line</name>
         <load_address>0x33df</load_address>
         <run_address>0x33df</run_address>
         <size>0x68</size>
         <input_file_ref idref="fl-13e"/>
      </object_component>
      <object_component id="oc-1c0">
         <name>.debug_line</name>
         <load_address>0x3447</load_address>
         <run_address>0x3447</run_address>
         <size>0x2b</size>
         <input_file_ref idref="fl-13f"/>
      </object_component>
      <object_component id="oc-75">
         <name>.debug_line</name>
         <load_address>0x3472</load_address>
         <run_address>0x3472</run_address>
         <size>0x50</size>
         <input_file_ref idref="fl-13f"/>
      </object_component>
      <object_component id="oc-1c4">
         <name>.debug_line</name>
         <load_address>0x34c2</load_address>
         <run_address>0x34c2</run_address>
         <size>0x2b</size>
         <input_file_ref idref="fl-13f"/>
      </object_component>
      <object_component id="oc-1b4">
         <name>.debug_line</name>
         <load_address>0x34ed</load_address>
         <run_address>0x34ed</run_address>
         <size>0x81</size>
         <input_file_ref idref="fl-140"/>
      </object_component>
      <object_component id="oc-6e">
         <name>.debug_line</name>
         <load_address>0x356e</load_address>
         <run_address>0x356e</run_address>
         <size>0x79</size>
         <input_file_ref idref="fl-140"/>
      </object_component>
      <object_component id="oc-1b8">
         <name>.debug_line</name>
         <load_address>0x35e7</load_address>
         <run_address>0x35e7</run_address>
         <size>0x2e</size>
         <input_file_ref idref="fl-140"/>
      </object_component>
      <object_component id="oc-1bd">
         <name>.debug_line</name>
         <load_address>0x3615</load_address>
         <run_address>0x3615</run_address>
         <size>0x73</size>
         <input_file_ref idref="fl-140"/>
      </object_component>
      <object_component id="oc-1fa">
         <name>.debug_line</name>
         <load_address>0x3688</load_address>
         <run_address>0x3688</run_address>
         <size>0x80</size>
         <input_file_ref idref="fl-141"/>
      </object_component>
      <object_component id="oc-140">
         <name>.debug_line</name>
         <load_address>0x3708</load_address>
         <run_address>0x3708</run_address>
         <size>0x68</size>
         <input_file_ref idref="fl-141"/>
      </object_component>
      <object_component id="oc-1fe">
         <name>.debug_line</name>
         <load_address>0x3770</load_address>
         <run_address>0x3770</run_address>
         <size>0x2e</size>
         <input_file_ref idref="fl-141"/>
      </object_component>
      <object_component id="oc-10c">
         <name>.debug_frame</name>
         <load_address>0x0</load_address>
         <run_address>0x0</run_address>
         <size>0x8b</size>
         <input_file_ref idref="fl-2"/>
      </object_component>
      <object_component id="oc-3b">
         <name>.debug_frame</name>
         <load_address>0x8b</load_address>
         <run_address>0x8b</run_address>
         <size>0x487</size>
         <input_file_ref idref="fl-3"/>
      </object_component>
      <object_component id="oc-2b">
         <name>.debug_frame</name>
         <load_address>0x512</load_address>
         <run_address>0x512</run_address>
         <size>0xb2</size>
         <input_file_ref idref="fl-4"/>
      </object_component>
      <object_component id="oc-34">
         <name>.debug_frame</name>
         <load_address>0x5c4</load_address>
         <run_address>0x5c4</run_address>
         <size>0x240</size>
         <input_file_ref idref="fl-5"/>
      </object_component>
      <object_component id="oc-b7">
         <name>.debug_frame</name>
         <load_address>0x804</load_address>
         <run_address>0x804</run_address>
         <size>0x249</size>
         <input_file_ref idref="fl-6"/>
      </object_component>
      <object_component id="oc-c6">
         <name>.debug_frame</name>
         <load_address>0xa4d</load_address>
         <run_address>0xa4d</run_address>
         <size>0x7f</size>
         <input_file_ref idref="fl-c"/>
      </object_component>
      <object_component id="oc-18b">
         <name>.debug_frame</name>
         <load_address>0xacc</load_address>
         <run_address>0xacc</run_address>
         <size>0x7f</size>
         <input_file_ref idref="fl-c"/>
      </object_component>
      <object_component id="oc-185">
         <name>.debug_frame</name>
         <load_address>0xb4b</load_address>
         <run_address>0xb4b</run_address>
         <size>0x8f</size>
         <input_file_ref idref="fl-c"/>
      </object_component>
      <object_component id="oc-e9">
         <name>.debug_frame</name>
         <load_address>0xbda</load_address>
         <run_address>0xbda</run_address>
         <size>0x8a</size>
         <input_file_ref idref="fl-c"/>
      </object_component>
      <object_component id="oc-119">
         <name>.debug_frame</name>
         <load_address>0xc64</load_address>
         <run_address>0xc64</run_address>
         <size>0x7f</size>
         <input_file_ref idref="fl-c"/>
      </object_component>
      <object_component id="oc-101">
         <name>.debug_frame</name>
         <load_address>0xce3</load_address>
         <run_address>0xce3</run_address>
         <size>0x86</size>
         <input_file_ref idref="fl-d"/>
      </object_component>
      <object_component id="oc-f4">
         <name>.debug_frame</name>
         <load_address>0xd69</load_address>
         <run_address>0xd69</run_address>
         <size>0x7f</size>
         <input_file_ref idref="fl-d"/>
      </object_component>
      <object_component id="oc-e3">
         <name>.debug_frame</name>
         <load_address>0xde8</load_address>
         <run_address>0xde8</run_address>
         <size>0x7f</size>
         <input_file_ref idref="fl-e"/>
      </object_component>
      <object_component id="oc-d9">
         <name>.debug_frame</name>
         <load_address>0xe67</load_address>
         <run_address>0xe67</run_address>
         <size>0x91</size>
         <input_file_ref idref="fl-e"/>
      </object_component>
      <object_component id="oc-b9">
         <name>.debug_frame</name>
         <load_address>0xef8</load_address>
         <run_address>0xef8</run_address>
         <size>0x8e</size>
         <input_file_ref idref="fl-e"/>
      </object_component>
      <object_component id="oc-c3">
         <name>.debug_frame</name>
         <load_address>0xf86</load_address>
         <run_address>0xf86</run_address>
         <size>0x7f</size>
         <input_file_ref idref="fl-f"/>
      </object_component>
      <object_component id="oc-fb">
         <name>.debug_frame</name>
         <load_address>0x1005</load_address>
         <run_address>0x1005</run_address>
         <size>0x7f</size>
         <input_file_ref idref="fl-f"/>
      </object_component>
      <object_component id="oc-113">
         <name>.debug_frame</name>
         <load_address>0x1084</load_address>
         <run_address>0x1084</run_address>
         <size>0x7f</size>
         <input_file_ref idref="fl-f"/>
      </object_component>
      <object_component id="oc-ab">
         <name>.debug_frame</name>
         <load_address>0x1103</load_address>
         <run_address>0x1103</run_address>
         <size>0x7f</size>
         <input_file_ref idref="fl-f"/>
      </object_component>
      <object_component id="oc-b1">
         <name>.debug_frame</name>
         <load_address>0x1182</load_address>
         <run_address>0x1182</run_address>
         <size>0x7f</size>
         <input_file_ref idref="fl-f"/>
      </object_component>
      <object_component id="oc-ef">
         <name>.debug_frame</name>
         <load_address>0x1201</load_address>
         <run_address>0x1201</run_address>
         <size>0x8a</size>
         <input_file_ref idref="fl-f"/>
      </object_component>
      <object_component id="oc-107">
         <name>.debug_frame</name>
         <load_address>0x128b</load_address>
         <run_address>0x128b</run_address>
         <size>0x7f</size>
         <input_file_ref idref="fl-10"/>
      </object_component>
      <object_component id="oc-19b">
         <name>.debug_frame</name>
         <load_address>0x130a</load_address>
         <run_address>0x130a</run_address>
         <size>0x7f</size>
         <input_file_ref idref="fl-11"/>
      </object_component>
      <object_component id="oc-17">
         <name>.debug_frame</name>
         <load_address>0x1389</load_address>
         <run_address>0x1389</run_address>
         <size>0x7f</size>
         <input_file_ref idref="fl-134"/>
      </object_component>
      <object_component id="oc-4c">
         <name>.debug_frame</name>
         <load_address>0x1408</load_address>
         <run_address>0x1408</run_address>
         <size>0x8e</size>
         <input_file_ref idref="fl-135"/>
      </object_component>
      <object_component id="oc-1b">
         <name>.debug_frame</name>
         <load_address>0x1496</load_address>
         <run_address>0x1496</run_address>
         <size>0x7f</size>
         <input_file_ref idref="fl-135"/>
      </object_component>
      <object_component id="oc-23">
         <name>.debug_frame</name>
         <load_address>0x1515</load_address>
         <run_address>0x1515</run_address>
         <size>0x7f</size>
         <input_file_ref idref="fl-136"/>
      </object_component>
      <object_component id="oc-78">
         <name>.debug_frame</name>
         <load_address>0x1594</load_address>
         <run_address>0x1594</run_address>
         <size>0xb3</size>
         <input_file_ref idref="fl-137"/>
      </object_component>
      <object_component id="oc-67">
         <name>.debug_frame</name>
         <load_address>0x1647</load_address>
         <run_address>0x1647</run_address>
         <size>0x7f</size>
         <input_file_ref idref="fl-13a"/>
      </object_component>
      <object_component id="oc-1a5">
         <name>.debug_frame</name>
         <load_address>0x16c6</load_address>
         <run_address>0x16c6</run_address>
         <size>0x7f</size>
         <input_file_ref idref="fl-13c"/>
      </object_component>
      <object_component id="oc-1ca">
         <name>.debug_frame</name>
         <load_address>0x1745</load_address>
         <run_address>0x1745</run_address>
         <size>0xa1</size>
         <input_file_ref idref="fl-13e"/>
      </object_component>
      <object_component id="oc-71">
         <name>.debug_frame</name>
         <load_address>0x17e6</load_address>
         <run_address>0x17e6</run_address>
         <size>0x7f</size>
         <input_file_ref idref="fl-13f"/>
      </object_component>
      <object_component id="oc-6f">
         <name>.debug_frame</name>
         <load_address>0x1865</load_address>
         <run_address>0x1865</run_address>
         <size>0x8a</size>
         <input_file_ref idref="fl-140"/>
      </object_component>
      <object_component id="oc-141">
         <name>.debug_frame</name>
         <load_address>0x18ef</load_address>
         <run_address>0x18ef</run_address>
         <size>0x8e</size>
         <input_file_ref idref="fl-141"/>
      </object_component>
      <object_component id="oc-1d4">
         <name>.debug_abbrev</name>
         <load_address>0x0</load_address>
         <run_address>0x0</run_address>
         <size>0x97</size>
         <input_file_ref idref="fl-2"/>
      </object_component>
      <object_component id="oc-1f7">
         <name>.debug_abbrev</name>
         <load_address>0x97</load_address>
         <run_address>0x97</run_address>
         <size>0x27</size>
         <input_file_ref idref="fl-2"/>
      </object_component>
      <object_component id="oc-1a9">
         <name>.debug_abbrev</name>
         <load_address>0xbe</load_address>
         <run_address>0xbe</run_address>
         <size>0x8b</size>
         <input_file_ref idref="fl-2"/>
      </object_component>
[...]
      </symbol>
      <symbol id="sm-16b">
         <name>bFreeMotion5</name>
         <value>0x20000544</value>
      </symbol>
      <symbol id="sm-16c">
         <name>ui32PulseCounter6</name>
         <value>0x2000053c</value>
      </symbol>
      <symbol id="sm-16d">
         <name>bFreeMotion6</name>
         <value>0x20000545</value>
      </symbol>
      <symbol id="sm-16e">
         <name>CMD_Help</name>
         <value>0x1599</value>
         <object_component_ref idref="oc-36"/>
      </symbol>
      <symbol id="sm-16f">
         <name>CMD_Joint4Dir</name>
         <value>0x129d</value>
         <object_component_ref idref="oc-36"/>
      </symbol>
      <symbol id="sm-170">
         <name>CMD_Joint6Freq</name>
         <value>0x1499</value>
         <object_component_ref idref="oc-36"/>
      </symbol>
      <symbol id="sm-171">
         <name>CMD_Joint5Dir</name>
         <value>0x13bd</value>
         <object_component_ref idref="oc-36"/>
      </symbol>
      <symbol id="sm-172">
         <name>CMD_Joint5Freq</name>
         <value>0x1379</value>
         <object_component_ref idref="oc-36"/>
      </symbol>
      <symbol id="sm-173">
         <name>CMD_Joint6Stop</name>
         <value>0x1487</value>
         <object_component_ref idref="oc-36"/>
      </symbol>
      <symbol id="sm-174">
         <name>CMD_Joint4Freq</name>
         <value>0x1259</value>
         <object_component_ref idref="oc-36"/>
      </symbol>
      <symbol id="sm-175">
         <name>CMD_Joint6Dir</name>
         <value>0x14dd</value>
         <object_component_ref idref="oc-36"/>
      </symbol>
      <symbol id="sm-176">
         <name>main</name>
         <value>0x1601</value>
         <object_component_ref idref="oc-36"/>
      </symbol>
      <symbol id="sm-177">
         <name>CMD_Joint5Stop</name>
         <value>0x1367</value>
         <object_component_ref idref="oc-36"/>
      </symbol>
      <symbol id="sm-178">
         <name>CMD_Joint3Freq</name>
         <value>0x113b</value>
         <object_component_ref idref="oc-36"/>
      </symbol>
      <symbol id="sm-179">
         <name>CMD_Joint1Dir</name>
         <value>0xf59</value>
         <object_component_ref idref="oc-36"/>
      </symbol>
      <symbol id="sm-17a">
         <name>CMD_Joint4Stop</name>
         <value>0x1243</value>
         <object_component_ref idref="oc-36"/>
      </symbol>
      <symbol id="sm-17b">
         <name>CMD_Joint2Freq</name>
         <value>0x1029</value>
         <object_component_ref idref="oc-36"/>
      </symbol>
      <symbol id="sm-17c">
         <name>CMD_Joint6Start</name>
         <value>0x146f</value>
         <object_component_ref idref="oc-36"/>
      </symbol>
      <symbol id="sm-17d">
         <name>CMD_Joint4Start</name>
         <value>0x122b</value>
         <object_component_ref idref="oc-36"/>
      </symbol>
      <symbol id="sm-17e">
         <name>CMD_Joint5Start</name>
         <value>0x134f</value>
         <object_component_ref idref="oc-36"/>
      </symbol>
      <symbol id="sm-17f">
         <name>CMD_Joint2Start</name>
         <value>0xfff</value>
         <object_component_ref idref="oc-36"/>
      </symbol>
      <symbol id="sm-180">
         <name>CMD_Joint3Start</name>
         <value>0x1111</value>
         <object_component_ref idref="oc-36"/>
      </symbol>
      <symbol id="sm-181">
         <name>CMD_Joint1Start</name>
         <value>0xef1</value>
         <object_component_ref idref="oc-36"/>
      </symbol>
      <symbol id="sm-182">
         <name>CMD_Joint3Stop</name>
         <value>0x1129</value>
         <object_component_ref idref="oc-36"/>
      </symbol>
      <symbol id="sm-183">
         <name>CMD_Joint1Freq</name>
         <value>0xf1b</value>
         <object_component_ref idref="oc-36"/>
      </symbol>
      <symbol id="sm-184">
         <name>CMD_Joint2Dir</name>
         <value>0x1067</value>
         <object_component_ref idref="oc-36"/>
      </symbol>
      <symbol id="sm-185">
         <name>g_psCmdTable</name>
         <value>0x20000748</value>
         <object_component_ref idref="oc-11a"/>
      </symbol>
      <symbol id="sm-186">
         <name>CMD_Joint2Stop</name>
         <value>0x1017</value>
         <object_component_ref idref="oc-36"/>
      </symbol>
      <symbol id="sm-187">
         <name>Timer4IntHandler</name>
         <value>0x19b9</value>
         <object_component_ref idref="oc-36"/>
      </symbol>
      <symbol id="sm-188">
         <name>Timer5IntHandler</name>
         <value>0x1a11</value>
         <object_component_ref idref="oc-36"/>
      </symbol>
      <symbol id="sm-189">
         <name>Timer2IntHandler</name>
         <value>0x1919</value>
         <object_component_ref idref="oc-36"/>
      </symbol>
      <symbol id="sm-18a">
         <name>Timer3IntHandler</name>
         <value>0x1969</value>
         <object_component_ref idref="oc-36"/>
      </symbol>
      <symbol id="sm-18b">
         <name>Timer0IntHandler</name>
         <value>0x1805</value>
         <object_component_ref idref="oc-36"/>
      </symbol>
      <symbol id="sm-18c">
         <name>Timer1IntHandler</name>
         <value>0x1855</value>
         <object_component_ref idref="oc-36"/>
      </symbol>
      <symbol id="sm-18d">
         <name>CMD_Joint1</name>
         <value>0xf83</value>
         <object_component_ref idref="oc-36"/>
      </symbol>
      <symbol id="sm-18e">
         <name>CMD_Joint2</name>
         <value>0x1093</value>
         <object_component_ref idref="oc-36"/>
      </symbol>
      <symbol id="sm-18f">
         <name>CMD_Joint3</name>
         <value>0x11ad</value>
         <object_component_ref idref="oc-36"/>
      </symbol>
      <symbol id="sm-190">
         <name>CMD_Joint4</name>
         <value>0x12d1</value>
         <object_component_ref idref="oc-36"/>
      </symbol>
      <symbol id="sm-191">
         <name>CMD_Joint5</name>
         <value>0x13f1</value>
         <object_component_ref idref="oc-36"/>
      </symbol>
      <symbol id="sm-192">
         <name>CMD_Joint6</name>
         <value>0x1511</value>
         <object_component_ref idref="oc-36"/>
      </symbol>
      <symbol id="sm-193">
         <name>CMD_Joint1Stop</name>
         <value>0xf09</value>
         <object_component_ref idref="oc-36"/>
      </symbol>
      <symbol id="sm-194">
         <name>CMD_Joint3Dir</name>
         <value>0x1179</value>
         <object_component_ref idref="oc-36"/>
      </symbol>
      <symbol id="sm-1b5">
         <name>ResetISR</name>
         <value>0x2d27</value>
         <object_component_ref idref="oc-2a"/>
      </symbol>
      <symbol id="sm-1b6">
         <name>g_pfnVectors</name>
         <value>0x0</value>
         <object_component_ref idref="oc-f"/>
      </symbol>
      <symbol id="sm-279">
         <name>UARTTxBytesFree</name>
         <value>0x21b9</value>
         <object_component_ref idref="oc-30"/>
      </symbol>
      <symbol id="sm-27a">
         <name>UARTFlushRx</name>
         <value>0x2227</value>
         <object_component_ref idref="oc-30"/>
      </symbol>
      <symbol id="sm-27b">
         <name>UARTgetc</name>
         <value>0x1e27</value>
         <object_component_ref idref="oc-30"/>
      </symbol>
      <symbol id="sm-27c">
         <name>UARTgets</name>
         <value>0x1dab</value>
         <object_component_ref idref="oc-30"/>
      </symbol>
      <symbol id="sm-27d">
         <name>UARTFlushTx</name>
         <value>0x224f</value>
         <object_component_ref idref="oc-30"/>
      </symbol>
      <symbol id="sm-27e">
         <name>UARTStdioConfig</name>
         <value>0x1c4d</value>
         <object_component_ref idref="oc-30"/>
      </symbol>
      <symbol id="sm-27f">
         <name>UARTStdioIntHandler</name>
         <value>0x22c1</value>
         <object_component_ref idref="oc-30"/>
      </symbol>
      <symbol id="sm-280">
         <name>UARTRxBytesAvail</name>
         <value>0x21ab</value>
         <object_component_ref idref="oc-30"/>
      </symbol>
      <symbol id="sm-281">
         <name>UARTwrite</name>
         <value>0x1d05</value>
         <object_component_ref idref="oc-30"/>
      </symbol>
      <symbol id="sm-282">
         <name>UARTPeek</name>
         <value>0x21cd</value>
         <object_component_ref idref="oc-30"/>
      </symbol>
      <symbol id="sm-283">
         <name>UARTEchoSet</name>
         <value>0x228d</value>
         <object_component_ref idref="oc-30"/>
      </symbol>
      <symbol id="sm-284">
         <name>UARTprintf</name>
         <value>0x2187</value>
         <object_component_ref idref="oc-30"/>
      </symbol>
      <symbol id="sm-285">
         <name>UARTvprintf</name>
         <value>0x1e8d</value>
         <object_component_ref idref="oc-30"/>
      </symbol>
      <symbol id="sm-360">
         <name>uvsnprintf</name>
         <value>0x2c5</value>
         <object_component_ref idref="oc-b2"/>
      </symbol>
      <symbol id="sm-361">
         <name>ustrncasecmp</name>
         <value>0xd8d</value>
         <object_component_ref idref="oc-b2"/>
      </symbol>
      <symbol id="sm-362">
         <name>ustrncpy</name>
         <value>0x26d</value>
         <object_component_ref idref="oc-b2"/>
      </symbol>
      <symbol id="sm-363">
         <name>ustrlen</name>
         <value>0xd35</value>
         <object_component_ref idref="oc-b2"/>
      </symbol>
      <symbol id="sm-364">
         <name>ulocaltime</name>
         <value>0x751</value>
         <object_component_ref idref="oc-b2"/>
      </symbol>
      <symbol id="sm-365">
         <name>ustrtof</name>
         <value>0xafd</value>
         <object_component_ref idref="oc-b2"/>
      </symbol>
      <symbol id="sm-366">
         <name>ustrstr</name>
         <value>0xd57</value>
         <object_component_ref idref="oc-b2"/>
      </symbol>
      <symbol id="sm-367">
         <name>ustrcmp</name>
         <value>0xea5</value>
         <object_component_ref idref="oc-b2"/>
      </symbol>
      <symbol id="sm-368">
         <name>usprintf</name>
         <value>0x6ef</value>
         <object_component_ref idref="oc-b2"/>
      </symbol>
      <symbol id="sm-369">
         <name>usnprintf</name>
         <value>0x721</value>
         <object_component_ref idref="oc-b2"/>
      </symbol>
      <symbol id="sm-36a">
         <name>ustrtoul</name>
         <value>0x9c5</value>
         <object_component_ref idref="oc-b2"/>
      </symbol>
      <symbol id="sm-36b">
         <name>ustrcasecmp</name>
         <value>0xe31</value>
         <object_component_ref idref="oc-b2"/>
      </symbol>
      <symbol id="sm-36c">
         <name>umktime</name>
         <value>0x94f</value>
         <object_component_ref idref="oc-b2"/>
      </symbol>
      <symbol id="sm-36d">
         <name>usrand</name>
         <value>0xeb9</value>
         <object_component_ref idref="oc-b2"/>
      </symbol>
      <symbol id="sm-36e">
         <name>ustrncmp</name>
         <value>0xe45</value>
         <object_component_ref idref="oc-b2"/>
      </symbol>
      <symbol id="sm-36f">
         <name>urand</name>
         <value>0xec9</value>
         <object_component_ref idref="oc-b2"/>
      </symbol>
      <symbol id="sm-39e">
         <name>GPIOPinTypeGPIOOutput</name>
         <value>0x2c5f</value>
         <object_component_ref idref="oc-e4"/>
      </symbol>
      <symbol id="sm-39f">
         <name>GPIOPinRead</name>
         <value>0x2d3b</value>
         <object_component_ref idref="oc-114"/>
      </symbol>
      <symbol id="sm-3a0">
         <name>GPIODirModeSet</name>
         <value>0x2c35</value>
         <object_component_ref idref="oc-189"/>
      </symbol>
      <symbol id="sm-3a1">
         <name>GPIOPinWrite</name>
         <value>0x2d41</value>
         <object_component_ref idref="oc-c4"/>
      </symbol>
      <symbol id="sm-3a2">
         <name>GPIOPadConfigSet</name>
         <value>0x244d</value>
         <object_component_ref idref="oc-183"/>
      </symbol>
      <symbol id="sm-3d2">
         <name>IntEnable</name>
         <value>0x2a15</value>
         <object_component_ref idref="oc-f0"/>
      </symbol>
      <symbol id="sm-3d3">
         <name>IntMasterEnable</name>
         <value>0x2ce3</value>
         <object_component_ref idref="oc-fc"/>
      </symbol>
      <symbol id="sm-424">
         <name>SysCtlClockSet</name>
         <value>0x2689</value>
         <object_component_ref idref="oc-d8"/>
      </symbol>
      <symbol id="sm-425">
         <name>SysCtlDelay</name>
         <value>0x2d47</value>
         <object_component_ref idref="oc-17f"/>
      </symbol>
      <symbol id="sm-426">
         <name>SysCtlPeripheralEnable</name>
         <value>0x2c01</value>
         <object_component_ref idref="oc-de"/>
      </symbol>
      <symbol id="sm-427">
         <name>SysCtlClockGet</name>
         <value>0x257d</value>
         <object_component_ref idref="oc-b8"/>
      </symbol>
      <symbol id="sm-465">
         <name>TimerLoadSet</name>
         <value>0x2cd1</value>
         <object_component_ref idref="oc-be"/>
      </symbol>
      <symbol id="sm-466">
         <name>TimerDisable</name>
         <value>0x2ca9</value>
         <object_component_ref idref="oc-ac"/>
      </symbol>
      <symbol id="sm-467">
         <name>TimerEnable</name>
         <value>0x2cf3</value>
         <object_component_ref idref="oc-a6"/>
      </symbol>
      <symbol id="sm-468">
         <name>TimerIntEnable</name>
         <value>0x2d33</value>
         <object_component_ref idref="oc-f6"/>
      </symbol>
      <symbol id="sm-469">
         <name>TimerConfigure</name>
         <value>0x2a7d</value>
         <object_component_ref idref="oc-ea"/>
      </symbol>
      <symbol id="sm-46a">
         <name>TimerIntClear</name>
         <value>0x2d59</value>
         <object_component_ref idref="oc-10e"/>
      </symbol>
      <symbol id="sm-477">
         <name>UARTClockSourceSet</name>
         <value>0x2d4d</value>
         <object_component_ref idref="oc-102"/>
      </symbol>
      <symbol id="sm-481">
         <name>CPUcpsie</name>
         <value>0x2d0f</value>
         <object_component_ref idref="oc-197"/>
      </symbol>
      <symbol id="sm-493">
         <name>_c_int00</name>
         <value>0x2add</value>
         <object_component_ref idref="oc-24"/>
      </symbol>
      <symbol id="sm-494">
         <name>__stack</name>
         <value>0x20000548</value>
         <object_component_ref idref="oc-29"/>
      </symbol>
      <symbol id="sm-4ab">
         <name>__TI_decompress_none</name>
         <value>0x2d01</value>
         <object_component_ref idref="oc-12"/>
      </symbol>
      <symbol id="sm-4ce">
         <name>__TI_decompress_rle24</name>
         <value>0x2d53</value>
         <object_component_ref idref="oc-18"/>
      </symbol>
      <symbol id="sm-4e0">
         <name>__TI_zero_init</name>
         <value>0x2d1b</value>
         <object_component_ref idref="oc-1e"/>
      </symbol>
      <symbol id="sm-4ff">
         <name>C$$EXIT</name>
         <value>0x2b79</value>
         <object_component_ref idref="oc-76"/>
      </symbol>
      <symbol id="sm-500">
         <name>abort</name>
         <value>0x2b7d</value>
         <object_component_ref idref="oc-76"/>
      </symbol>
      <symbol id="sm-501">
         <name>exit</name>
         <value>0x2b85</value>
         <object_component_ref idref="oc-76"/>
      </symbol>
      <symbol id="sm-502">
         <name>__TI_dtors_ptr</name>
         <value>0x200008ec</value>
         <object_component_ref idref="oc-149"/>
      </symbol>
      <symbol id="sm-503">
         <name>__TI_cleanup_ptr</name>
         <value>0x200008e8</value>
         <object_component_ref idref="oc-149"/>
      </symbol>
      <symbol id="sm-51e">
         <name>memcpy</name>
         <value>0x2825</value>
         <object_component_ref idref="oc-3f"/>
      </symbol>
      <symbol id="sm-51f">
         <name>__aeabi_memcpy</name>
         <value>0x2825</value>
         <object_component_ref idref="oc-3f"/>
      </symbol>
      <symbol id="sm-520">
         <name>__aeabi_memcpy8</name>
         <value>0x2825</value>
         <object_component_ref idref="oc-3f"/>
      </symbol>
      <symbol id="sm-521">
         <name>__aeabi_memcpy4</name>
         <value>0x2825</value>
         <object_component_ref idref="oc-3f"/>
      </symbol>
      <symbol id="sm-530">
         <name>__aeabi_memset</name>
         <value>0x28c3</value>
         <object_component_ref idref="oc-58"/>
      </symbol>
      <symbol id="sm-531">
         <name>memset</name>
         <value>0x28c9</value>
         <object_component_ref idref="oc-58"/>
      </symbol>
      <symbol id="sm-532">
         <name>__aeabi_memset8</name>
         <value>0x28c3</value>
         <object_component_ref idref="oc-58"/>
      </symbol>
      <symbol id="sm-533">
         <name>__aeabi_memset4</name>
         <value>0x28c3</value>
         <object_component_ref idref="oc-58"/>
      </symbol>
      <symbol id="sm-534">
         <name>__aeabi_memclr8</name>
         <value>0x28c1</value>
         <object_component_ref idref="oc-58"/>
      </symbol>
      <symbol id="sm-535">
         <name>__aeabi_memclr4</name>
         <value>0x28c1</value>
         <object_component_ref idref="oc-58"/>
      </symbol>
      <symbol id="sm-536">
         <name>__aeabi_memclr</name>
         <value>0x28c1</value>
         <object_component_ref idref="oc-58"/>
      </symbol>
      <symbol id="sm-540">
         <name>_system_pre_init</name>
         <value>0x2d5d</value>
         <object_component_ref idref="oc-64"/>
      </symbol>
      <symbol id="sm-548">
         <name>main_func_sp</name>
         <value>0x200008f0</value>
         <object_component_ref idref="oc-7c"/>
      </symbol>
      <symbol id="sm-557">
         <name>strcmp</name>
         <value>0x2c91</value>
         <object_component_ref idref="oc-1a0"/>
      </symbol>
      <symbol id="sm-56a">
         <name>__aeabi_uidivmod</name>
         <value>0x2bbd</value>
         <object_component_ref idref="oc-90"/>
      </symbol>
      <symbol id="sm-56b">
         <name>__aeabi_uidiv</name>
         <value>0x2bbd</value>
         <object_component_ref idref="oc-90"/>
      </symbol>
      <symbol id="sm-584">
         <name>_nop</name>
         <value>0x2ccb</value>
         <object_component_ref idref="oc-1c6"/>
      </symbol>
      <symbol id="sm-585">
         <name>_lock</name>
         <value>0x200008e0</value>
         <object_component_ref idref="oc-146"/>
      </symbol>
      <symbol id="sm-586">
         <name>_unlock</name>
         <value>0x200008e4</value>
         <object_component_ref idref="oc-146"/>
      </symbol>
      <symbol id="sm-587">
         <name>_register_lock</name>
         <value>0x2cc3</value>
         <object_component_ref idref="oc-1c6"/>
      </symbol>
      <symbol id="sm-588">
         <name>_register_unlock</name>
         <value>0x2cbd</value>
         <object_component_ref idref="oc-1c6"/>
      </symbol>
      <symbol id="sm-59d">
         <name>_args_main</name>
         <value>0x2c79</value>
         <object_component_ref idref="oc-70"/>
      </symbol>
      <symbol id="sm-5c3">
         <name>__TI_auto_init</name>
         <value>0x293d</value>
         <object_component_ref idref="oc-6a"/>
      </symbol>
      <symbol id="sm-5dd">
         <name>copy_in</name>
         <value>0x2b2d</value>
         <object_component_ref idref="oc-13c"/>
      </symbol>
      <symbol id="sm-5de">
         <name>__TI_static_base__</name>
         <value>0x0</value>
      </symbol>
      <symbol id="sm-5e1">
         <name>SHT$$INIT_ARRAY$$Limit</name>
         <value>0x0</value>
      </symbol>
      <symbol id="sm-5e2">
         <name>SHT$$INIT_ARRAY$$Base</name>
         <value>0x0</value>
      </symbol>
   </symbol_table>
   <title>Link successful</title>
</link_info>
